
     Program PWSCF v.4.2        starts on 30Aug2010 at  7:33:54 

     This program is part of the open-source Quantum ESPRESSO suite
     for quantum simulation of materials; please cite
         "P. Giannozzi et al., J. Phys.:Condens. Matter 21 395502 (2009);
          URL http://www.quantum-espresso.org", 
     in publications or presentations arising from this work. More details at
     http://www.quantum-espresso.org/wiki/index.php/Citing_Quantum-ESPRESSO

     Current dimensions of program PWSCF are:
     Max number of different atomic species (ntypx) = 10
     Max number of k-points (npk) =  40000
     Max angular momentum in pseudopotentials (lmaxx) =  3
     Waiting for input...
     file O.pbe-rrkjus.UPF: wavefunction(s)  2S renormalized

     gamma-point specific algorithms are used


     bravais-lattice index     =            1
     lattice parameter (a_0)   =      10.0000  a.u.
     unit-cell volume          =    1000.0000 (a.u.)^3
     number of atoms/cell      =            1
     number of atomic types    =            1
     number of electrons       =         6.00
     number of Kohn-Sham states=            6
     kinetic-energy cutoff     =      25.0000  Ry
     charge density cutoff     =     200.0000  Ry
     convergence threshold     =      1.0E-08
     mixing beta               =       0.2500
     number of iterations used =            8  plain     mixing
     Exchange-correlation      =  SLA  PW   PBE  PBE (1434)
     EXX-fraction              =        0.00

     celldm(1)=  10.000000  celldm(2)=   0.000000  celldm(3)=   0.000000
     celldm(4)=   0.000000  celldm(5)=   0.000000  celldm(6)=   0.000000

     crystal axes: (cart. coord. in units of a_0)
               a(1) = (   1.000000   0.000000   0.000000 )  
               a(2) = (   0.000000   1.000000   0.000000 )  
               a(3) = (   0.000000   0.000000   1.000000 )  

     reciprocal axes: (cart. coord. in units 2 pi/a_0)
               b(1) = (  1.000000  0.000000  0.000000 )  
               b(2) = (  0.000000  1.000000  0.000000 )  
               b(3) = (  0.000000  0.000000  1.000000 )  


     PseudoPot. # 1 for O  read from file O.pbe-rrkjus.UPF
     MD5 check sum: 390ba29e75625707450f3bd3f0eb6be9
     Pseudo is Ultrasoft, Zval =  6.0
     Generated by new atomic code, or converted to UPF format
     Using radial grid of 1269 points,  4 beta functions with: 
                l(1) =   0
                l(2) =   0
                l(3) =   1
                l(4) =   1
     Q(r) pseudized with 0 coefficients 


     atomic species   valence    mass     pseudopotential
        O              6.00    15.99994     O ( 1.00)

     48 Sym.Ops. (with inversion)


   Cartesian axes

     site n.     atom                  positions (a_0 units)
         1           O   tau(  1) = (   0.0000000   0.0000000   0.0000000  )

     number of k points=     1
                       cart. coord. in units 2pi/a_0
        k(    1) = (   0.0000000   0.0000000   0.0000000), wk =   2.0000000

     G cutoff =  506.6059  (  23917 G-vectors)     FFT grid: ( 48, 48, 48)
     G cutoff =  253.3030  (   8440 G-vectors)  smooth grid: ( 32, 32, 32)

     Occupations read from input 

        2.0000   1.3333   1.3333   1.3333   0.0000   0.0000

     Largest allocated arrays     est. size (Mb)     dimensions
        Kohn-Sham Wavefunctions         0.10 Mb     (   1052,   6)
        NL pseudopotentials             0.13 Mb     (   1052,   8)
        Each V/rho on FFT grid          1.69 Mb     ( 110592)
        Each G-vector array             0.18 Mb     (  23917)
        G-vector shells                 0.00 Mb     (    424)
     Largest temporary arrays     est. size (Mb)     dimensions
        Auxiliary wavefunctions         0.19 Mb     (   1052,  24)
        Each subspace H/S matrix        0.00 Mb     (     24,  24)
        Each <psi_i|beta_j> matrix      0.00 Mb     (      8,   6)
        Arrays for rho mixing          13.50 Mb     ( 110592,   8)

     Initial potential from superposition of free atoms

     starting charge    6.00000, renormalised to    6.00000

     negative rho (up, down):  0.747E-05 0.000E+00
     Starting wfc are    4 atomic +    2 random wfc

     total cpu time spent up to now is      0.67 secs

     per-process dynamical memory:    18.7 Mb

     Self-consistent Calculation

     iteration #  1     ecut=    25.00 Ry     beta=0.25
     Davidson diagonalization with overlap
     ethr =  1.00E-02,  avg # of iterations =  7.0

     Threshold (ethr) on eigenvalues was too large:
     Diagonalizing with lowered threshold

     Davidson diagonalization with overlap
     ethr =  4.66E-06,  avg # of iterations =  8.0

     negative rho (up, down):  0.581E-05 0.000E+00

     total cpu time spent up to now is      0.94 secs

     total energy              =     -31.37477509 Ry
     Harris-Foulkes estimate   =     -31.37476840 Ry
     estimated scf accuracy    <       0.00028196 Ry

     iteration #  2     ecut=    25.00 Ry     beta=0.25
     Davidson diagonalization with overlap
     ethr =  4.70E-06,  avg # of iterations =  1.0

     negative rho (up, down):  0.122E-03 0.000E+00

     total cpu time spent up to now is      1.83 secs

     total energy              =     -31.37481964 Ry
     Harris-Foulkes estimate   =     -31.37477962 Ry
     estimated scf accuracy    <       0.00012964 Ry

     iteration #  3     ecut=    25.00 Ry     beta=0.25
     Davidson diagonalization with overlap
     ethr =  2.16E-06,  avg # of iterations =  2.0

     negative rho (up, down):  0.209E-03 0.000E+00

     total cpu time spent up to now is      2.04 secs

     total energy              =     -31.37484015 Ry
     Harris-Foulkes estimate   =     -31.37482967 Ry
     estimated scf accuracy    <       0.00001216 Ry

     iteration #  4     ecut=    25.00 Ry     beta=0.25
     Davidson diagonalization with overlap
     ethr =  2.03E-07,  avg # of iterations =  1.0

     negative rho (up, down):  0.121E-03 0.000E+00

     total cpu time spent up to now is      2.24 secs

     total energy              =     -31.37483696 Ry
     Harris-Foulkes estimate   =     -31.37484097 Ry
     estimated scf accuracy    <       0.00000001 Ry

     iteration #  5     ecut=    25.00 Ry     beta=0.25
     Davidson diagonalization with overlap
     ethr =  2.06E-10,  avg # of iterations =  3.0

     negative rho (up, down):  0.709E-04 0.000E+00

     total cpu time spent up to now is      2.45 secs

     total energy              =     -31.37483542 Ry
     Harris-Foulkes estimate   =     -31.37483701 Ry
     estimated scf accuracy    <       0.00000001 Ry

     iteration #  6     ecut=    25.00 Ry     beta=0.25
     Davidson diagonalization with overlap
     ethr =  1.76E-10,  avg # of iterations =  2.0

     negative rho (up, down):  0.449E-04 0.000E+00

     total cpu time spent up to now is      2.66 secs

     total energy              =     -31.37483510 Ry
     Harris-Foulkes estimate   =     -31.37483542 Ry
     estimated scf accuracy    <       0.00000003 Ry

     iteration #  7     ecut=    25.00 Ry     beta=0.25
     Davidson diagonalization with overlap
     ethr =  1.76E-10,  avg # of iterations =  2.0

     negative rho (up, down):  0.473E-05 0.000E+00

     total cpu time spent up to now is      2.84 secs

     End of self-consistent calculation

          k = 0.0000 0.0000 0.0000 (  1052 PWs)   bands (ev):

   -23.2947  -8.2858  -8.2858  -8.2858  -0.5460   4.3573

     highest occupied, lowest unoccupied level (ev):    -8.2858   -0.5460

!    total energy              =     -31.37483337 Ry
     Harris-Foulkes estimate   =     -31.37483510 Ry
     estimated scf accuracy    <          1.7E-10 Ry

     The total energy is the sum of the following terms:

     one-electron contribution =     -31.90047304 Ry
     hartree contribution      =      17.20553212 Ry
     xc contribution           =      -6.46562145 Ry
     ewald contribution        =     -10.21427100 Ry

     convergence has been achieved in   7 iterations


     entering subroutine stress ...

          total   stress  (Ry/bohr**3)                   (kbar)     P=  -14.43
  -0.00009812   0.00000000   0.00000000        -14.43      0.00      0.00
   0.00000000  -0.00009812   0.00000000          0.00    -14.43      0.00
   0.00000000   0.00000000  -0.00009812          0.00      0.00    -14.43


     Writing output data file pwscf.save
 
     init_run     :      0.58s CPU      0.60s WALL (       1 calls)
     electrons    :      1.43s CPU      2.17s WALL (       1 calls)
     stress       :      0.23s CPU      0.23s WALL (       1 calls)

     Called by init_run:
     wfcinit      :      0.00s CPU      0.01s WALL (       1 calls)
     potinit      :      0.12s CPU      0.13s WALL (       1 calls)

     Called by electrons:
     c_bands      :      0.11s CPU      0.10s WALL (       8 calls)
     sum_band     :      0.30s CPU      0.31s WALL (       8 calls)
     v_of_rho     :      0.79s CPU      0.83s WALL (       8 calls)
     newd         :      0.18s CPU      0.18s WALL (       8 calls)
     mix_rho      :      0.07s CPU      0.07s WALL (       8 calls)

     Called by c_bands:
     init_us_2    :      0.01s CPU      0.01s WALL (      17 calls)
     regterg      :      0.10s CPU      0.10s WALL (       8 calls)

     Called by *egterg:
     h_psi        :      0.09s CPU      0.08s WALL (      35 calls)
     s_psi        :      0.00s CPU      0.00s WALL (      35 calls)
     g_psi        :      0.01s CPU      0.00s WALL (      26 calls)
     rdiaghg      :      0.00s CPU      0.00s WALL (      33 calls)

     Called by h_psi:
     add_vuspsi   :      0.00s CPU      0.00s WALL (      35 calls)

     General routines
     calbec       :      0.00s CPU      0.00s WALL (      44 calls)
     fft          :      0.52s CPU      0.53s WALL (     133 calls)
     ffts         :      0.01s CPU      0.01s WALL (      16 calls)
     fftw         :      0.06s CPU      0.06s WALL (     170 calls)
     interpolate  :      0.09s CPU      0.09s WALL (      16 calls)
     davcio       :      0.00s CPU      0.00s WALL (       7 calls)
 
 
     PWSCF        :     2.37s CPU         3.19s WALL

 
   This run was terminated on:   7:33:57  30Aug2010            

=------------------------------------------------------------------------------=
   JOB DONE.
=------------------------------------------------------------------------------=
