
     Program PWSCF     v.4.0cvs starts ...
     Today is 23Nov2007 at 10:17:11 

     Ultrasoft (Vanderbilt) Pseudopotentials and PAW

     Current dimensions of program pwscf are:
     Max number of different atomic species (ntypx) = 10
     Max number of k-points (npk) =  40000
     Max angular momentum in pseudopotentials (lmaxx) =  3

     gamma-point specific algorithms are used



     bravais-lattice index     =            1
     lattice parameter (a_0)   =      10.0000  a.u.
     unit-cell volume          =    1000.0000 (a.u.)^3
     number of atoms/cell      =            1
     number of atomic types    =            1
     number of electrons       =         6.00
     number of Kohn-Sham states=            6
     kinetic-energy cutoff     =      25.0000  Ry
     charge density cutoff     =     200.0000  Ry
     convergence threshold     =      1.0E-06
     mixing beta               =       0.2500
     number of iterations used =            8  plain     mixing
     Exchange-correlation      =  SLA  PZ   NOGX NOGC (1100)

     celldm(1)=  10.000000  celldm(2)=   0.000000  celldm(3)=   0.000000
     celldm(4)=   0.000000  celldm(5)=   0.000000  celldm(6)=   0.000000

     crystal axes: (cart. coord. in units of a_0)
               a(1) = (  1.000000  0.000000  0.000000 )  
               a(2) = (  0.000000  1.000000  0.000000 )  
               a(3) = (  0.000000  0.000000  1.000000 )  

     reciprocal axes: (cart. coord. in units 2 pi/a_0)
               b(1) = (  1.000000  0.000000  0.000000 )  
               b(2) = (  0.000000  1.000000  0.000000 )  
               b(3) = (  0.000000  0.000000  1.000000 )  


     PseudoPot. # 1 for O  read from file O.pz-rrkjus.UPF
     Pseudo is Ultrasoft, Zval =  6.0
     Generated by new atomic code, or converted to UPF format
     Using radial grid of 1269 points,  4 beta functions with: 
                l(1) =   0
                l(2) =   0
                l(3) =   1
                l(4) =   1
     Q(r) pseudized with 0 coefficients 


     atomic species   valence    mass     pseudopotential
        O              6.00    15.99994     O ( 1.00)

     Starting magnetic structure 
     atomic species   magnetization
        O            0.000

     48 Sym.Ops. (with inversion)


   Cartesian axes

     site n.     atom                  positions (a_0 units)
         1           O   tau(  1) = (   0.0000000   0.0000000   0.0000000  )

     number of k points=    2
                       cart. coord. in units 2pi/a_0
        k(    1) = (   0.0000000   0.0000000   0.0000000), wk =   1.0000000
        k(    2) = (   0.0000000   0.0000000   0.0000000), wk =   1.0000000

     G cutoff =  506.6059  (  23917 G-vectors)     FFT grid: ( 48, 48, 48)
     G cutoff =  253.3030  (   8440 G-vectors)  smooth grid: ( 32, 32, 32)

     Occupations read from input 

      Spin-up

        1.0000   1.0000   1.0000   1.0000   0.0000   0.0000

      Spin-down

        1.0000   0.3333   0.3333   0.3333   0.0000   0.0000

     Largest allocated arrays     est. size (Mb)     dimensions
        Kohn-Sham Wavefunctions         0.10 Mb     (   1052,   6)
        NL pseudopotentials             0.13 Mb     (   1052,   8)
        Each V/rho on FFT grid          3.38 Mb     ( 110592,   2)
        Each G-vector array             0.18 Mb     (  23917)
        G-vector shells                 0.00 Mb     (    424)
     Largest temporary arrays     est. size (Mb)     dimensions
        Auxiliary wavefunctions         0.19 Mb     (   1052,  24)
        Each subspace H/S matrix        0.00 Mb     (     24,  24)
        Each <psi_i|beta_j> matrix      0.00 Mb     (      8,   6)
        Arrays for rho mixing          13.50 Mb     ( 110592,   8)

     Initial potential from superposition of free atoms

     starting charge    6.00000, renormalised to    6.00000

     negative rho (up, down):  0.507E-05 0.507E-05
     Starting wfc are    4 atomic +    2 random wfc

     total cpu time spent up to now is      2.23 secs

     Self-consistent Calculation

     iteration #  1     ecut=    25.00 Ry     beta=0.25
     Davidson diagonalization with overlap
     ethr =  1.00E-02,  avg # of iterations =  6.0

     negative rho (up, down):  0.481E-05 0.347E-05

     total cpu time spent up to now is      3.05 secs

     total energy              =   -31.33920296 Ry
     Harris-Foulkes estimate   =   -31.29442320 Ry
     estimated scf accuracy    <     0.07323473 Ry

     total magnetization       =     2.00 Bohr mag/cell
     absolute magnetization    =     2.00 Bohr mag/cell

     iteration #  2     ecut=    25.00 Ry     beta=0.25
     Davidson diagonalization with overlap
     ethr =  1.22E-03,  avg # of iterations =  1.0

     negative rho (up, down):  0.516E-02 0.808E-02

     total cpu time spent up to now is      3.78 secs

     total energy              =   -31.39999133 Ry
     Harris-Foulkes estimate   =   -31.33959284 Ry
     estimated scf accuracy    <     0.04369089 Ry

     total magnetization       =     2.00 Bohr mag/cell
     absolute magnetization    =     2.00 Bohr mag/cell

     iteration #  3     ecut=    25.00 Ry     beta=0.25
     Davidson diagonalization with overlap
     ethr =  7.28E-04,  avg # of iterations =  1.5

     negative rho (up, down):  0.391E-02 0.576E-02

     total cpu time spent up to now is      4.51 secs

     total energy              =   -31.40416876 Ry
     Harris-Foulkes estimate   =   -31.40393400 Ry
     estimated scf accuracy    <     0.00031859 Ry

     total magnetization       =     2.00 Bohr mag/cell
     absolute magnetization    =     2.00 Bohr mag/cell

     iteration #  4     ecut=    25.00 Ry     beta=0.25
     Davidson diagonalization with overlap
     ethr =  5.31E-06,  avg # of iterations =  6.0

     negative rho (up, down):  0.304E-02 0.376E-02

     total cpu time spent up to now is      5.30 secs

     total energy              =   -31.40453340 Ry
     Harris-Foulkes estimate   =   -31.40428100 Ry
     estimated scf accuracy    <     0.00005546 Ry

     total magnetization       =     2.00 Bohr mag/cell
     absolute magnetization    =     2.00 Bohr mag/cell

     iteration #  5     ecut=    25.00 Ry     beta=0.25
     Davidson diagonalization with overlap
     ethr =  9.24E-07,  avg # of iterations =  1.5

     negative rho (up, down):  0.218E-02 0.243E-02

     total cpu time spent up to now is      6.04 secs

     total energy              =   -31.40461242 Ry
     Harris-Foulkes estimate   =   -31.40455110 Ry
     estimated scf accuracy    <     0.00001147 Ry

     total magnetization       =     2.00 Bohr mag/cell
     absolute magnetization    =     2.00 Bohr mag/cell

     iteration #  6     ecut=    25.00 Ry     beta=0.25
     Davidson diagonalization with overlap
     ethr =  1.91E-07,  avg # of iterations =  2.0

     negative rho (up, down):  0.147E-02 0.164E-02

     total cpu time spent up to now is      6.80 secs

     total energy              =   -31.40463720 Ry
     Harris-Foulkes estimate   =   -31.40461451 Ry
     estimated scf accuracy    <     0.00000266 Ry

     total magnetization       =     2.00 Bohr mag/cell
     absolute magnetization    =     2.00 Bohr mag/cell

     iteration #  7     ecut=    25.00 Ry     beta=0.25
     Davidson diagonalization with overlap
     ethr =  4.44E-08,  avg # of iterations =  2.0

     negative rho (up, down):  0.147E-04 0.255E-06

     total cpu time spent up to now is      7.46 secs

     End of self-consistent calculation

 ------ SPIN UP ------------


          k = 0.0000 0.0000 0.0000 (  1052 PWs)   bands (ev):

   -24.3290  -9.6401  -9.6401  -9.6401  -0.4601   4.4795

 ------ SPIN DOWN ----------


          k = 0.0000 0.0000 0.0000 (  1052 PWs)   bands (ev):

   -21.1099  -6.6308  -6.6308  -6.6308  -0.3147   4.5499

     highest occupied, lowest unoccupied level (ev):    -6.6308   -0.4601

!    total energy              =   -31.40467434 Ry
     Harris-Foulkes estimate   =   -31.40463749 Ry
     estimated scf accuracy    <     0.00000018 Ry

     The total energy is the sum of the following terms:

     one-electron contribution =   -32.01365174 Ry
     hartree contribution      =    17.23447938 Ry
     xc contribution           =    -6.41123098 Ry
     ewald contribution        =   -10.21427100 Ry

     total magnetization       =     2.00 Bohr mag/cell
     absolute magnetization    =     2.00 Bohr mag/cell

     convergence has been achieved in   7 iterations

     Writing output data file pwscf.save

     PWSCF        :     7.59s CPU time,    9.12s wall time

     init_run     :     2.00s CPU
     electrons    :     5.23s CPU


     electrons    :     5.23s CPU
     c_bands      :     0.56s CPU (       7 calls,   0.079 s avg)
     sum_band     :     1.55s CPU (       7 calls,   0.221 s avg)
     v_of_rho     :     1.64s CPU (       8 calls,   0.205 s avg)
     v_h          :     0.12s CPU (       8 calls,   0.015 s avg)
     v_xc         :     1.52s CPU (       8 calls,   0.190 s avg)
     newd         :     0.74s CPU (       8 calls,   0.092 s avg)
     mix_rho      :     0.37s CPU (       7 calls,   0.053 s avg)

     c_bands      :     0.56s CPU (       7 calls,   0.079 s avg)
     init_us_2    :     0.03s CPU (      30 calls,   0.001 s avg)
     cegterg      :     0.53s CPU (      14 calls,   0.038 s avg)

     sum_band     :     1.55s CPU (       7 calls,   0.221 s avg)
     becsum       :     0.00s CPU (      14 calls,   0.000 s avg)
     addusdens    :     0.73s CPU (       7 calls,   0.104 s avg)

     wfcrot       :     0.03s CPU (       2 calls,   0.015 s avg)
     cegterg      :     0.53s CPU (      14 calls,   0.038 s avg)
     h_psi        :     0.44s CPU (      56 calls,   0.008 s avg)
     g_psi        :     0.01s CPU (      40 calls,   0.000 s avg)
     diaghg       :     0.02s CPU (      54 calls,   0.000 s avg)
     update       :     0.02s CPU (      40 calls,   0.000 s avg)
     last         :     0.01s CPU (      14 calls,   0.001 s avg)

     h_psi        :     0.44s CPU (      56 calls,   0.008 s avg)
     init         :     0.00s CPU (      56 calls,   0.000 s avg)
     add_vuspsi   :     0.01s CPU (      56 calls,   0.000 s avg)
     s_psi        :     0.01s CPU (      56 calls,   0.000 s avg)

     General routines
     ccalbec      :     0.00s CPU (      14 calls,   0.000 s avg)
     cft3         :     1.29s CPU (     111 calls,   0.012 s avg)
     cft3s        :     0.39s CPU (     322 calls,   0.001 s avg)
     interpolate  :     0.46s CPU (      30 calls,   0.015 s avg)
     davcio       :     0.00s CPU (      44 calls,   0.000 s avg)

