
     Program PWSCF     v.3.2cvs starts ...
     Today is  4Sep2007 at 22: 2: 4 

     Ultrasoft (Vanderbilt) Pseudopotentials

     Current dimensions of program pwscf are:

     ntypx = 10   npk = 40000  lmax =  3
     nchix =  6  ndmx =  2500  nbrx = 14  nqfx =  8

     gamma-point specific algorithms are used



     bravais-lattice index     =            1
     lattice parameter (a_0)   =      10.0000  a.u.
     unit-cell volume          =    1000.0000 (a.u.)^3
     number of atoms/cell      =            1
     number of atomic types    =            1
     number of electrons       =         6.00
     number of Kohn-Sham states=            6
     kinetic-energy cutoff     =      25.0000  Ry
     charge density cutoff     =     200.0000  Ry
     convergence threshold     =      1.0E-08
     mixing beta               =       0.2500
     number of iterations used =            8  plain     mixing
     Exchange-correlation      =  SLA  PW   PBE  PBE (1434)

     celldm(1)=  10.000000  celldm(2)=   0.000000  celldm(3)=   0.000000
     celldm(4)=   0.000000  celldm(5)=   0.000000  celldm(6)=   0.000000

     crystal axes: (cart. coord. in units of a_0)
               a(1) = (  1.000000  0.000000  0.000000 )  
               a(2) = (  0.000000  1.000000  0.000000 )  
               a(3) = (  0.000000  0.000000  1.000000 )  

     reciprocal axes: (cart. coord. in units 2 pi/a_0)
               b(1) = (  1.000000  0.000000  0.000000 )  
               b(2) = (  0.000000  1.000000  0.000000 )  
               b(3) = (  0.000000  0.000000  1.000000 )  


     PseudoPot. # 1 for O  read from file O.pbe-rrkjus.UPF
     Pseudo is Ultrasoft, Zval =  6.0
     Using radial grid of 1269 points,  4 beta functions with: 
                l(1) =   0
                l(2) =   0
                l(3) =   1
                l(4) =   1
     Q(r) pseudized with 0 coefficients 


     atomic species   valence    mass     pseudopotential
        O              6.00    15.99994     O ( 1.00)

     48 Sym.Ops. (with inversion)


   Cartesian axes

     site n.     atom                  positions (a_0 units)
         1           O   tau(  1) = (   0.0000000   0.0000000   0.0000000  )

     number of k points=    1
                       cart. coord. in units 2pi/a_0
        k(    1) = (   0.0000000   0.0000000   0.0000000), wk =   2.0000000

     G cutoff =  506.6059  (  23917 G-vectors)     FFT grid: ( 48, 48, 48)
     G cutoff =  253.3030  (   8440 G-vectors)  smooth grid: ( 32, 32, 32)

     Occupations read from input 

        2.0000   1.3333   1.3333   1.3333   0.0000   0.0000

     Largest allocated arrays     est. size (Mb)     dimensions
        Kohn-Sham Wavefunctions         0.10 Mb     (   1052,   6)
        NL pseudopotentials             0.13 Mb     (   1052,   8)
        Each V/rho on FFT grid          1.69 Mb     ( 110592)
        Each G-vector array             0.18 Mb     (  23917)
        G-vector shells                 0.00 Mb     (    424)
     Largest temporary arrays     est. size (Mb)     dimensions
        Auxiliary wavefunctions         0.19 Mb     (   1052,  24)
        Each subspace H/S matrix        0.00 Mb     (     24,  24)
        Each <psi_i|beta_j> matrix      0.00 Mb     (      8,   6)
        Arrays for rho mixing          13.50 Mb     ( 110592,   8)

     Initial potential from superposition of free atoms

     starting charge    6.00000, renormalised to    6.00000

     negative rho (up, down):  0.747E-05 0.000E+00
     Starting wfc are    4 atomic +    2 random wfc

     total cpu time spent up to now is      2.24 secs

     Self-consistent Calculation

     iteration #  1     ecut=    25.00 Ry     beta=0.25
     Davidson diagonalization with overlap
     ethr =  1.00E-02,  avg # of iterations =  6.0

     Threshold (ethr) on eigenvalues was too large:
     Diagonalizing with lowered threshold

     Davidson diagonalization with overlap
     ethr =  4.73E-06,  avg # of iterations = 10.0

     negative rho (up, down):  0.581E-05 0.000E+00

     total cpu time spent up to now is      3.03 secs

     total energy              =   -31.37477485 Ry
     Harris-Foulkes estimate   =   -31.35376248 Ry
     estimated scf accuracy    <     0.00028296 Ry

     iteration #  2     ecut=    25.00 Ry     beta=0.25
     Davidson diagonalization with overlap
     ethr =  4.72E-06,  avg # of iterations =  1.0

     negative rho (up, down):  0.120E-03 0.000E+00

     total cpu time spent up to now is      3.60 secs

     total energy              =   -31.37481945 Ry
     Harris-Foulkes estimate   =   -31.37477953 Ry
     estimated scf accuracy    <     0.00012951 Ry

     iteration #  3     ecut=    25.00 Ry     beta=0.25
     Davidson diagonalization with overlap
     ethr =  2.16E-06,  avg # of iterations =  2.0

     negative rho (up, down):  0.211E-03 0.000E+00

     total cpu time spent up to now is      4.17 secs

     total energy              =   -31.37484030 Ry
     Harris-Foulkes estimate   =   -31.37482928 Ry
     estimated scf accuracy    <     0.00001227 Ry

     iteration #  4     ecut=    25.00 Ry     beta=0.25
     Davidson diagonalization with overlap
     ethr =  2.04E-07,  avg # of iterations =  1.0

     negative rho (up, down):  0.120E-03 0.000E+00

     total cpu time spent up to now is      4.74 secs

     total energy              =   -31.37483692 Ry
     Harris-Foulkes estimate   =   -31.37484103 Ry
     estimated scf accuracy    <     0.00000005 Ry

     iteration #  5     ecut=    25.00 Ry     beta=0.25
     Davidson diagonalization with overlap
     ethr =  7.59E-10,  avg # of iterations =  2.0

     negative rho (up, down):  0.696E-04 0.000E+00

     total cpu time spent up to now is      5.32 secs

     total energy              =   -31.37483537 Ry
     Harris-Foulkes estimate   =   -31.37483698 Ry
     estimated scf accuracy    <     0.00000002 Ry

     iteration #  6     ecut=    25.00 Ry     beta=0.25
     Davidson diagonalization with overlap
     ethr =  2.79E-10,  avg # of iterations =  2.0

     negative rho (up, down):  0.449E-04 0.000E+00

     total cpu time spent up to now is      5.89 secs

     total energy              =   -31.37483509 Ry
     Harris-Foulkes estimate   =   -31.37483537 Ry
     estimated scf accuracy    <     0.00000003 Ry

     iteration #  7     ecut=    25.00 Ry     beta=0.25
     Davidson diagonalization with overlap
     ethr =  2.79E-10,  avg # of iterations =  2.0

     negative rho (up, down):  0.473E-05 0.000E+00

     total cpu time spent up to now is      6.41 secs

     End of self-consistent calculation

          k = 0.0000 0.0000 0.0000 (  1052 PWs)   bands (ev):

   -23.2947  -8.2859  -8.2859  -8.2859  -0.5460   4.3572

     highest occupied, lowest unoccupied level (ev):    -8.2859   -0.5460

!    total energy              =   -31.37483337 Ry
     Harris-Foulkes estimate   =   -31.37483510 Ry
     estimated scf accuracy    <        2.8E-09 Ry

     The total energy is the sum of the following terms:

     one-electron contribution =   -31.90049145 Ry
     hartree contribution      =    17.20555629 Ry
     xc contribution           =    -6.46562721 Ry
     ewald contribution        =   -10.21427100 Ry

     convergence has been achieved in   7 iterations


     entering subroutine stress ...

          total   stress  (Ry/bohr**3)                   (kbar)     P=  -14.43
  -0.00009810   0.00000000   0.00000000        -14.43      0.00      0.00
   0.00000000  -0.00009810   0.00000000          0.00    -14.43      0.00
   0.00000000   0.00000000  -0.00009810          0.00      0.00    -14.43


     Writing output data file pwscf.save

     PWSCF        :     7.30s CPU time,    7.97s wall time

     init_run     :     2.04s CPU
     electrons    :     4.16s CPU
     stress       :     0.79s CPU


     electrons    :     4.16s CPU
     c_bands      :     0.31s CPU (       8 calls,   0.039 s avg)
     sum_band     :     0.86s CPU (       8 calls,   0.107 s avg)
     v_of_rho     :     2.31s CPU (       8 calls,   0.289 s avg)
     v_h          :     0.11s CPU (       8 calls,   0.014 s avg)
     v_xc         :     2.20s CPU (       8 calls,   0.275 s avg)
     newd         :     0.56s CPU (       8 calls,   0.070 s avg)
     mix_rho      :     0.02s CPU (       8 calls,   0.002 s avg)

     c_bands      :     0.31s CPU (       8 calls,   0.039 s avg)
     init_us_2    :     0.01s CPU (      17 calls,   0.001 s avg)
     cegterg      :     0.30s CPU (       8 calls,   0.037 s avg)

     sum_band     :     0.86s CPU (       8 calls,   0.107 s avg)
     becsum       :     0.00s CPU (       8 calls,   0.000 s avg)
     addusdens    :     0.52s CPU (       8 calls,   0.065 s avg)

     cegterg      :     0.30s CPU (       8 calls,   0.037 s avg)
     h_psi        :     0.25s CPU (      35 calls,   0.007 s avg)
     g_psi        :     0.01s CPU (      26 calls,   0.000 s avg)
     diaghg       :     0.01s CPU (      33 calls,   0.000 s avg)
     update       :     0.01s CPU (      26 calls,   0.000 s avg)
     last         :     0.00s CPU (       8 calls,   0.000 s avg)

     h_psi        :     0.25s CPU (      35 calls,   0.007 s avg)
     init         :     0.00s CPU (      35 calls,   0.000 s avg)
     add_vuspsi   :     0.00s CPU (      35 calls,   0.000 s avg)
     s_psi        :     0.01s CPU (      35 calls,   0.000 s avg)

     General routines
     ccalbec      :     0.00s CPU (       8 calls,   0.000 s avg)
     cft3         :     1.33s CPU (     119 calls,   0.011 s avg)
     cft3s        :     0.22s CPU (     184 calls,   0.001 s avg)
     interpolate  :     0.24s CPU (      16 calls,   0.015 s avg)
     davcio       :     0.00s CPU (       7 calls,   0.000 s avg)

