
     Program PWSCF v.4.99       starts on  6Jan2012 at 10:50:48 

     This program is part of the open-source Quantum ESPRESSO suite
     for quantum simulation of materials; please cite
         "P. Giannozzi et al., J. Phys.:Condens. Matter 21 395502 (2009);
          URL http://www.quantum-espresso.org", 
     in publications or presentations arising from this work. More details at
     http://www.quantum-espresso.org/quote.php

     Serial version

     Current dimensions of program PWSCF are:
     Max number of different atomic species (ntypx) = 10
     Max number of k-points (npk) =  40000
     Max angular momentum in pseudopotentials (lmaxx) =  3
     Reading input from /home/giannozz/trunk/espresso/tests/lda+U_gamma.in
               file O.pz-rrkjus.UPF: wavefunction(s)  2S renormalized
               file Fe.pz-nd-rrkjus.UPF: wavefunction(s)  4S renormalized
               file Fe.pz-nd-rrkjus.UPF: wavefunction(s)  4S renormalized

     gamma-point specific algorithms are used
 
     G-vector sticks info
     --------------------
     sticks:   dense  smooth     PW     G-vecs:    dense   smooth      PW
     Sum        1061     539    133                17255     6111     731
     Tot         531     270     67
 


     bravais-lattice index     =            0
     lattice parameter (alat)  =       8.1900  a.u.
     unit-cell volume          =     274.6766 (a.u.)^3
     number of atoms/cell      =            4
     number of atomic types    =            3
     number of electrons       =        28.00
     number of Kohn-Sham states=           20
     kinetic-energy cutoff     =      30.0000  Ry
     charge density cutoff     =     240.0000  Ry
     convergence threshold     =      1.0E-06
     mixing beta               =       0.3000
     number of iterations used =            8  plain     mixing
     Exchange-correlation      =  SLA  PZ   NOGX NOGC ( 1 1 0 0 0)
     EXX-fraction              =        0.00

     celldm(1)=   8.190000  celldm(2)=   0.000000  celldm(3)=   0.000000
     celldm(4)=   0.000000  celldm(5)=   0.000000  celldm(6)=   0.000000

     crystal axes: (cart. coord. in units of alat)
               a(1) = (   0.500000   0.500000   1.000000 )  
               a(2) = (   0.500000   1.000000   0.500000 )  
               a(3) = (   1.000000   0.500000   0.500000 )  

     reciprocal axes: (cart. coord. in units 2 pi/alat)
               b(1) = ( -0.500000 -0.500000  1.500000 )  
               b(2) = ( -0.500000  1.500000 -0.500000 )  
               b(3) = (  1.500000 -0.500000 -0.500000 )  


     PseudoPot. # 1 for O  read from file:
     /home/giannozz/trunk/espresso/pseudo/O.pz-rrkjus.UPF
     MD5 check sum: 24fb942a68ef5d262e498166c462ef4a
     Pseudo is Ultrasoft, Zval =  6.0
     Generated by new atomic code, or converted to UPF format
     Using radial grid of 1269 points,  4 beta functions with: 
                l(1) =   0
                l(2) =   0
                l(3) =   1
                l(4) =   1
     Q(r) pseudized with 0 coefficients 


     PseudoPot. # 2 for Fe read from file:
     /home/giannozz/trunk/espresso/pseudo/Fe.pz-nd-rrkjus.UPF
     MD5 check sum: 2e083728ad07023434bc1cc596eb954d
     Pseudo is Ultrasoft + core correction, Zval =  8.0
     Generated by new atomic code, or converted to UPF format
     Using radial grid of  957 points,  6 beta functions with: 
                l(1) =   0
                l(2) =   0
                l(3) =   1
                l(4) =   1
                l(5) =   2
                l(6) =   2
     Q(r) pseudized with 0 coefficients 


     PseudoPot. # 3 for Fe read from file:
     /home/giannozz/trunk/espresso/pseudo/Fe.pz-nd-rrkjus.UPF
     MD5 check sum: 2e083728ad07023434bc1cc596eb954d
     Pseudo is Ultrasoft + core correction, Zval =  8.0
     Generated by new atomic code, or converted to UPF format
     Using radial grid of  957 points,  6 beta functions with: 
                l(1) =   0
                l(2) =   0
                l(3) =   1
                l(4) =   1
                l(5) =   2
                l(6) =   2
     Q(r) pseudized with 0 coefficients 


     atomic species   valence    mass     pseudopotential
        O1             6.00     1.00000     O ( 1.00)
        Fe1            8.00     1.00000     Fe( 1.00)
        Fe2            8.00     1.00000     Fe( 1.00)

     Starting magnetic structure 
     atomic species   magnetization
        O1           0.000
        Fe1          0.500
        Fe2         -0.500

     LDA+U calculation, Hubbard_lmax = 2
     atomic species  L   Hubbard U  Hubbard alpha
        Fe1          2    0.316044    0.000000
        Fe2          2    0.316044    0.000000

      6 Sym. Ops. (no inversion) found



   Cartesian axes

     site n.     atom                  positions (alat units)
         1           O1  tau(   1) = (   0.5000000   0.5000000   0.5000000  )
         2           O1  tau(   2) = (   1.5000000   1.5000000   1.5000000  )
         3           Fe1 tau(   3) = (   0.1000000   0.1000000   0.1000000  )
         4           Fe2 tau(   4) = (   0.9000000   0.9000000   0.9000000  )

     number of k points=     2  gaussian smearing, width (Ry)=  0.0200
                       cart. coord. in units 2pi/alat
        k(    1) = (   0.0000000   0.0000000   0.0000000), wk =   1.0000000
        k(    2) = (   0.0000000   0.0000000   0.0000000), wk =   1.0000000

     Dense  grid:     8628 G-vectors     FFT dimensions: (  50,  50,  50)

     Smooth grid:     3056 G-vectors     FFT dimensions: (  36,  36,  36)

     Largest allocated arrays     est. size (Mb)     dimensions
        Kohn-Sham Wavefunctions         0.11 Mb     (    366,   20)
        Atomic wavefunctions            0.11 Mb     (    366,   20)
        NL pseudopotentials             0.29 Mb     (    366,   52)
        Each V/rho on FFT grid          3.81 Mb     ( 125000,   2)
        Each G-vector array             0.07 Mb     (   8628)
        G-vector shells                 0.00 Mb     (    342)
     Largest temporary arrays     est. size (Mb)     dimensions
        Auxiliary wavefunctions         0.22 Mb     (    366,   80)
        Each subspace H/S matrix        0.05 Mb     (  80,  80)
        Each <psi_i|beta_j> matrix      0.01 Mb     (     52,   20)
        Arrays for rho mixing          15.26 Mb     ( 125000,   8)

     Check: negative/imaginary core charge=   -0.000006    0.000000

     Initial potential from superposition of free atoms

     starting charge   27.99905, renormalised to   28.00000

     Parameters of the lda+U calculation:
     Number of iteration with fixed ns =  0
     Starting ns and Hubbard U :
 enter write_ns
U( 1) =  0.0000      U( 2) =  4.3000      U( 3) =  4.3000
alpha( 1) =  0.0000      alpha( 2) =  0.0000      alpha( 3) =  0.0000
atom    3   Tr[ns(na)]=   6.0000000
atom    3   spin  1
eigenvalues:  1.0000000 1.0000000 1.0000000 1.0000000 1.0000000
 eigenvectors
 1   1.0000000  0.0000000  0.0000000  0.0000000  0.0000000
 2   0.0000000  1.0000000  0.0000000  0.0000000  0.0000000
 3   0.0000000  0.0000000  1.0000000  0.0000000  0.0000000
 4   0.0000000  0.0000000  0.0000000  1.0000000  0.0000000
 5   0.0000000  0.0000000  0.0000000  0.0000000  1.0000000
 occupations
 1.000  0.000  0.000  0.000  0.000
 0.000  1.000  0.000  0.000  0.000
 0.000  0.000  1.000  0.000  0.000
 0.000  0.000  0.000  1.000  0.000
 0.000  0.000  0.000  0.000  1.000
atom    3   spin  2
eigenvalues:  0.2000000 0.2000000 0.2000000 0.2000000 0.2000000
 eigenvectors
 1   1.0000000  0.0000000  0.0000000  0.0000000  0.0000000
 2   0.0000000  1.0000000  0.0000000  0.0000000  0.0000000
 3   0.0000000  0.0000000  1.0000000  0.0000000  0.0000000
 4   0.0000000  0.0000000  0.0000000  1.0000000  0.0000000
 5   0.0000000  0.0000000  0.0000000  0.0000000  1.0000000
 occupations
 0.200  0.000  0.000  0.000  0.000
 0.000  0.200  0.000  0.000  0.000
 0.000  0.000  0.200  0.000  0.000
 0.000  0.000  0.000  0.200  0.000
 0.000  0.000  0.000  0.000  0.200
atom    4   Tr[ns(na)]=   6.0000000
atom    4   spin  1
eigenvalues:  0.2000000 0.2000000 0.2000000 0.2000000 0.2000000
 eigenvectors
 1   1.0000000  0.0000000  0.0000000  0.0000000  0.0000000
 2   0.0000000  1.0000000  0.0000000  0.0000000  0.0000000
 3   0.0000000  0.0000000  1.0000000  0.0000000  0.0000000
 4   0.0000000  0.0000000  0.0000000  1.0000000  0.0000000
 5   0.0000000  0.0000000  0.0000000  0.0000000  1.0000000
 occupations
 0.200  0.000  0.000  0.000  0.000
 0.000  0.200  0.000  0.000  0.000
 0.000  0.000  0.200  0.000  0.000
 0.000  0.000  0.000  0.200  0.000
 0.000  0.000  0.000  0.000  0.200
atom    4   spin  2
eigenvalues:  1.0000000 1.0000000 1.0000000 1.0000000 1.0000000
 eigenvectors
 1   1.0000000  0.0000000  0.0000000  0.0000000  0.0000000
 2   0.0000000  1.0000000  0.0000000  0.0000000  0.0000000
 3   0.0000000  0.0000000  1.0000000  0.0000000  0.0000000
 4   0.0000000  0.0000000  0.0000000  1.0000000  0.0000000
 5   0.0000000  0.0000000  0.0000000  0.0000000  1.0000000
 occupations
 1.000  0.000  0.000  0.000  0.000
 0.000  1.000  0.000  0.000  0.000
 0.000  0.000  1.000  0.000  0.000
 0.000  0.000  0.000  1.000  0.000
 0.000  0.000  0.000  0.000  1.000
nsum =  12.0000000
 exit write_ns
 Atomic wfc used for LDA+U Projector are NOT orthogonalized
     Starting wfc are   20 randomized atomic wfcs

     total cpu time spent up to now is        2.2 secs

     per-process dynamical memory:    28.9 Mb

     Self-consistent Calculation

     iteration #  1     ecut=    30.00 Ry     beta=0.30
     Davidson diagonalization with overlap
     ethr =  1.00E-02,  avg # of iterations =  2.0
 enter write_ns
U( 1) =  0.0000      U( 2) =  4.3000      U( 3) =  4.3000
alpha( 1) =  0.0000      alpha( 2) =  0.0000      alpha( 3) =  0.0000
atom    3   Tr[ns(na)]=   5.9246113
atom    3   spin  1
eigenvalues:  0.8585533 0.8585533 0.9534741 0.9534741 1.0762819
 eigenvectors
 1  -0.2213961 -0.1528072  0.7390285  0.1944611  0.5862213
 2  -0.1944611  0.7651333 -0.2502317 -0.2213961  0.5149016
 3   0.1233404 -0.1910942  0.2221486 -0.9476053  0.0310544
 4  -0.9476053 -0.1461868 -0.0923990 -0.1233404 -0.2385858
 5   0.0000000  0.5773503  0.5773503  0.0000000 -0.5773503
 occupations
 0.945  0.011  0.011  0.000  0.022
 0.011  0.937  0.070  0.019 -0.070
 0.011  0.070  0.937 -0.019 -0.070
 0.000  0.019 -0.019  0.945  0.000
 0.022 -0.070 -0.070  0.000  0.937
atom    3   spin  2
eigenvalues:  0.1160482 0.1160482 0.3291099 0.3291099 0.3339585
 eigenvectors
 1  -0.2120629 -0.2267712  0.2982073  0.8997630  0.0714361
 2  -0.8997630  0.2134137  0.0896828 -0.2120629  0.3030965
 3   0.1477548  0.7488201 -0.4564065  0.3516026  0.2924136
 4  -0.3516026 -0.0946813 -0.6011566  0.1477548 -0.6958379
 5   0.0000000  0.5773503  0.5773503  0.0000000 -0.5773503
 occupations
 0.147  0.031  0.031  0.000  0.061
 0.031  0.310  0.012  0.053 -0.012
 0.031  0.012  0.310 -0.053 -0.012
 0.000  0.053 -0.053  0.147  0.000
 0.061 -0.012 -0.012  0.000  0.310
atom    4   Tr[ns(na)]=   5.9232158
atom    4   spin  1
eigenvalues:  0.1159839 0.1159839 0.3287836 0.3287836 0.3338196
 eigenvectors
 1  -0.2908319 -0.2074328  0.3056584  0.8771050  0.0982256
 2  -0.8771050  0.2331825  0.0630509 -0.2908319  0.2962334
 3   0.2302799  0.7487980 -0.2942473  0.3050817  0.4545508
 4  -0.3050817  0.0925513 -0.6947537  0.2302799 -0.6022025
 5   0.0000000  0.5773503  0.5773503  0.0000000 -0.5773503
 occupations
 0.147  0.031  0.031  0.000  0.061
 0.031  0.310  0.012  0.053 -0.012
 0.031  0.012  0.310 -0.053 -0.012
 0.000  0.053 -0.053  0.147  0.000
 0.061 -0.012 -0.012  0.000  0.310
atom    4   spin  2
eigenvalues:  0.8583474 0.8583474 0.9533712 0.9533712 1.0764239
 eigenvectors
 1  -0.1372136 -0.4137142  0.7803882  0.2579871  0.3666740
 2  -0.2579871  0.6622567  0.0271587 -0.1372136  0.6894154
 3   0.0583959 -0.1989518  0.2135201 -0.9545706  0.0145683
 4  -0.9545706 -0.1316869 -0.1064539 -0.0583959 -0.2381408
 5   0.0000000  0.5773503  0.5773503  0.0000000 -0.5773503
 occupations
 0.945  0.011  0.011  0.000  0.022
 0.011  0.936  0.070  0.019 -0.070
 0.011  0.070  0.936 -0.019 -0.070
 0.000  0.019 -0.019  0.945  0.000
 0.022 -0.070 -0.070  0.000  0.936
nsum =  11.8478271
 exit write_ns

     total cpu time spent up to now is        2.5 secs

     total energy              =    -172.19201514 Ry
     Harris-Foulkes estimate   =    -174.24602877 Ry
     estimated scf accuracy    <       4.49333738 Ry

     total magnetization       =     0.00 Bohr mag/cell
     absolute magnetization    =     7.64 Bohr mag/cell

     iteration #  2     ecut=    30.00 Ry     beta=0.30
     Davidson diagonalization with overlap
     ethr =  1.00E-02,  avg # of iterations =  2.0

     total cpu time spent up to now is        2.9 secs

     total energy              =    -171.69274964 Ry
     Harris-Foulkes estimate   =    -175.34581421 Ry
     estimated scf accuracy    <      25.17599864 Ry

     total magnetization       =    -0.01 Bohr mag/cell
     absolute magnetization    =     2.04 Bohr mag/cell

     iteration #  3     ecut=    30.00 Ry     beta=0.30
     Davidson diagonalization with overlap
     ethr =  1.00E-02,  avg # of iterations =  2.0

     total cpu time spent up to now is        3.2 secs

     total energy              =    -173.52663837 Ry
     Harris-Foulkes estimate   =    -173.70804650 Ry
     estimated scf accuracy    <       1.86206640 Ry

     total magnetization       =     0.00 Bohr mag/cell
     absolute magnetization    =     6.41 Bohr mag/cell

     iteration #  4     ecut=    30.00 Ry     beta=0.30
     Davidson diagonalization with overlap
     ethr =  6.65E-03,  avg # of iterations =  1.0

     total cpu time spent up to now is        3.5 secs

     total energy              =    -173.43248764 Ry
     Harris-Foulkes estimate   =    -173.55068011 Ry
     estimated scf accuracy    <       0.99216799 Ry

     total magnetization       =     0.00 Bohr mag/cell
     absolute magnetization    =     6.13 Bohr mag/cell

     iteration #  5     ecut=    30.00 Ry     beta=0.30
     Davidson diagonalization with overlap
     ethr =  3.54E-03,  avg # of iterations =  1.0

     total cpu time spent up to now is        3.8 secs

     total energy              =    -173.42294171 Ry
     Harris-Foulkes estimate   =    -173.64270036 Ry
     estimated scf accuracy    <       7.32187510 Ry

     total magnetization       =     0.00 Bohr mag/cell
     absolute magnetization    =     3.90 Bohr mag/cell

     iteration #  6     ecut=    30.00 Ry     beta=0.30
     Davidson diagonalization with overlap
     ethr =  3.54E-03,  avg # of iterations =  1.0

     total cpu time spent up to now is        4.2 secs

     total energy              =    -173.57741921 Ry
     Harris-Foulkes estimate   =    -173.53032177 Ry
     estimated scf accuracy    <       0.09776993 Ry

     total magnetization       =     0.00 Bohr mag/cell
     absolute magnetization    =     5.44 Bohr mag/cell

     iteration #  7     ecut=    30.00 Ry     beta=0.30
     Davidson diagonalization with overlap
     ethr =  3.49E-04,  avg # of iterations =  2.0

     total cpu time spent up to now is        4.5 secs

     total energy              =    -173.57950620 Ry
     Harris-Foulkes estimate   =    -173.64357177 Ry
     estimated scf accuracy    <       1.08015952 Ry

     total magnetization       =     0.00 Bohr mag/cell
     absolute magnetization    =     5.52 Bohr mag/cell

     iteration #  8     ecut=    30.00 Ry     beta=0.30
     Davidson diagonalization with overlap
     ethr =  3.49E-04,  avg # of iterations =  2.0

     total cpu time spent up to now is        4.8 secs

     total energy              =    -173.59358685 Ry
     Harris-Foulkes estimate   =    -173.59098291 Ry
     estimated scf accuracy    <       0.42203284 Ry

     total magnetization       =    -0.01 Bohr mag/cell
     absolute magnetization    =     5.14 Bohr mag/cell

     iteration #  9     ecut=    30.00 Ry     beta=0.30
     Davidson diagonalization with overlap
     ethr =  3.49E-04,  avg # of iterations =  1.0

     total cpu time spent up to now is        5.2 secs

     total energy              =    -173.59711520 Ry
     Harris-Foulkes estimate   =    -173.59523964 Ry
     estimated scf accuracy    <       0.49821368 Ry

     total magnetization       =     0.02 Bohr mag/cell
     absolute magnetization    =     5.11 Bohr mag/cell

     iteration # 10     ecut=    30.00 Ry     beta=0.30
     Davidson diagonalization with overlap
     ethr =  3.49E-04,  avg # of iterations =  1.0

     total cpu time spent up to now is        5.5 secs

     total energy              =    -173.57521507 Ry
     Harris-Foulkes estimate   =    -173.59807665 Ry
     estimated scf accuracy    <       0.50902790 Ry

     total magnetization       =     0.00 Bohr mag/cell
     absolute magnetization    =     5.06 Bohr mag/cell

     iteration # 11     ecut=    30.00 Ry     beta=0.30
     Davidson diagonalization with overlap
     ethr =  3.49E-04,  avg # of iterations =  1.0

     total cpu time spent up to now is        5.8 secs

     total energy              =    -173.58765497 Ry
     Harris-Foulkes estimate   =    -173.58884467 Ry
     estimated scf accuracy    <       0.02880302 Ry

     total magnetization       =     0.02 Bohr mag/cell
     absolute magnetization    =     4.70 Bohr mag/cell

     iteration # 12     ecut=    30.00 Ry     beta=0.30
     Davidson diagonalization with overlap
     ethr =  1.03E-04,  avg # of iterations =  1.0

     total cpu time spent up to now is        6.2 secs

     total energy              =    -173.58864609 Ry
     Harris-Foulkes estimate   =    -173.58990873 Ry
     estimated scf accuracy    <       0.08287674 Ry

     total magnetization       =     0.02 Bohr mag/cell
     absolute magnetization    =     4.73 Bohr mag/cell

     iteration # 13     ecut=    30.00 Ry     beta=0.30
     Davidson diagonalization with overlap
     ethr =  1.03E-04,  avg # of iterations =  1.0

     total cpu time spent up to now is        6.5 secs

     total energy              =    -173.58946941 Ry
     Harris-Foulkes estimate   =    -173.58971220 Ry
     estimated scf accuracy    <       0.01809299 Ry

     total magnetization       =     0.05 Bohr mag/cell
     absolute magnetization    =     4.63 Bohr mag/cell

     iteration # 14     ecut=    30.00 Ry     beta=0.30
     Davidson diagonalization with overlap
     ethr =  6.46E-05,  avg # of iterations =  1.0

     total cpu time spent up to now is        6.8 secs

     total energy              =    -173.58938797 Ry
     Harris-Foulkes estimate   =    -173.58960085 Ry
     estimated scf accuracy    <       0.00927738 Ry

     total magnetization       =     0.05 Bohr mag/cell
     absolute magnetization    =     4.62 Bohr mag/cell

     iteration # 15     ecut=    30.00 Ry     beta=0.30
     Davidson diagonalization with overlap
     ethr =  3.31E-05,  avg # of iterations =  1.5

     total cpu time spent up to now is        7.1 secs

     total energy              =    -173.59072453 Ry
     Harris-Foulkes estimate   =    -173.59994255 Ry
     estimated scf accuracy    <       0.73264387 Ry

     total magnetization       =     0.22 Bohr mag/cell
     absolute magnetization    =     4.45 Bohr mag/cell

     iteration # 16     ecut=    30.00 Ry     beta=0.30
     Davidson diagonalization with overlap
     ethr =  3.31E-05,  avg # of iterations =  1.0

     total cpu time spent up to now is        7.5 secs

     total energy              =    -173.58771132 Ry
     Harris-Foulkes estimate   =    -173.59306852 Ry
     estimated scf accuracy    <       0.18080756 Ry

     total magnetization       =     0.21 Bohr mag/cell
     absolute magnetization    =     4.56 Bohr mag/cell

     iteration # 17     ecut=    30.00 Ry     beta=0.30
     Davidson diagonalization with overlap
     ethr =  3.31E-05,  avg # of iterations =  1.0

     total cpu time spent up to now is        7.8 secs

     total energy              =    -173.59056960 Ry
     Harris-Foulkes estimate   =    -173.59075351 Ry
     estimated scf accuracy    <       0.00215480 Ry

     total magnetization       =     0.23 Bohr mag/cell
     absolute magnetization    =     4.72 Bohr mag/cell

     iteration # 18     ecut=    30.00 Ry     beta=0.30
     Davidson diagonalization with overlap
     ethr =  7.70E-06,  avg # of iterations =  1.0

     total cpu time spent up to now is        8.1 secs

     total energy              =    -173.58963842 Ry
     Harris-Foulkes estimate   =    -173.59086907 Ry
     estimated scf accuracy    <       0.00531379 Ry

     total magnetization       =     0.33 Bohr mag/cell
     absolute magnetization    =     4.85 Bohr mag/cell

     iteration # 19     ecut=    30.00 Ry     beta=0.30
     Davidson diagonalization with overlap
     ethr =  7.70E-06,  avg # of iterations =  1.0

     total cpu time spent up to now is        8.4 secs

     total energy              =    -173.59112090 Ry
     Harris-Foulkes estimate   =    -173.59096017 Ry
     estimated scf accuracy    <       0.01967439 Ry

     total magnetization       =     0.04 Bohr mag/cell
     absolute magnetization    =     4.49 Bohr mag/cell

     iteration # 20     ecut=    30.00 Ry     beta=0.30
     Davidson diagonalization with overlap
     ethr =  7.70E-06,  avg # of iterations =  1.0

     total cpu time spent up to now is        8.8 secs

     total energy              =    -173.59160431 Ry
     Harris-Foulkes estimate   =    -173.59153118 Ry
     estimated scf accuracy    <       0.00456853 Ry

     total magnetization       =    -0.01 Bohr mag/cell
     absolute magnetization    =     4.51 Bohr mag/cell

     iteration # 21     ecut=    30.00 Ry     beta=0.30
     Davidson diagonalization with overlap
     ethr =  7.70E-06,  avg # of iterations =  1.0

     total cpu time spent up to now is        9.1 secs

     total energy              =    -173.59204430 Ry
     Harris-Foulkes estimate   =    -173.59207621 Ry
     estimated scf accuracy    <       0.00068765 Ry

     total magnetization       =    -0.03 Bohr mag/cell
     absolute magnetization    =     4.54 Bohr mag/cell

     iteration # 22     ecut=    30.00 Ry     beta=0.30
     Davidson diagonalization with overlap
     ethr =  2.46E-06,  avg # of iterations =  3.0

     total cpu time spent up to now is        9.4 secs

     total energy              =    -173.59220787 Ry
     Harris-Foulkes estimate   =    -173.59227292 Ry
     estimated scf accuracy    <       0.00015856 Ry

     total magnetization       =    -0.09 Bohr mag/cell
     absolute magnetization    =     4.57 Bohr mag/cell

     iteration # 23     ecut=    30.00 Ry     beta=0.30
     Davidson diagonalization with overlap
     ethr =  5.66E-07,  avg # of iterations =  2.0

     total cpu time spent up to now is        9.8 secs

     total energy              =    -173.59225041 Ry
     Harris-Foulkes estimate   =    -173.59229639 Ry
     estimated scf accuracy    <       0.00085028 Ry

     total magnetization       =    -0.02 Bohr mag/cell
     absolute magnetization    =     4.55 Bohr mag/cell

     iteration # 24     ecut=    30.00 Ry     beta=0.30
     Davidson diagonalization with overlap
     ethr =  5.66E-07,  avg # of iterations =  1.0

     total cpu time spent up to now is       10.1 secs

     total energy              =    -173.59227944 Ry
     Harris-Foulkes estimate   =    -173.59227176 Ry
     estimated scf accuracy    <       0.00006997 Ry

     total magnetization       =    -0.03 Bohr mag/cell
     absolute magnetization    =     4.55 Bohr mag/cell

     iteration # 25     ecut=    30.00 Ry     beta=0.30
     Davidson diagonalization with overlap
     ethr =  2.50E-07,  avg # of iterations =  1.0

     total cpu time spent up to now is       10.4 secs

     total energy              =    -173.59228823 Ry
     Harris-Foulkes estimate   =    -173.59228491 Ry
     estimated scf accuracy    <       0.00003707 Ry

     total magnetization       =    -0.03 Bohr mag/cell
     absolute magnetization    =     4.56 Bohr mag/cell

     iteration # 26     ecut=    30.00 Ry     beta=0.30
     Davidson diagonalization with overlap
     ethr =  1.32E-07,  avg # of iterations =  1.0

     total cpu time spent up to now is       10.8 secs

     total energy              =    -173.59229128 Ry
     Harris-Foulkes estimate   =    -173.59228902 Ry
     estimated scf accuracy    <       0.00003496 Ry

     total magnetization       =    -0.03 Bohr mag/cell
     absolute magnetization    =     4.56 Bohr mag/cell

     iteration # 27     ecut=    30.00 Ry     beta=0.30
     Davidson diagonalization with overlap
     ethr =  1.25E-07,  avg # of iterations =  1.0

     total cpu time spent up to now is       11.1 secs

     total energy              =    -173.59228591 Ry
     Harris-Foulkes estimate   =    -173.59229313 Ry
     estimated scf accuracy    <       0.00002583 Ry

     total magnetization       =    -0.03 Bohr mag/cell
     absolute magnetization    =     4.56 Bohr mag/cell

     iteration # 28     ecut=    30.00 Ry     beta=0.30
     Davidson diagonalization with overlap
     ethr =  9.22E-08,  avg # of iterations =  1.0

     total cpu time spent up to now is       11.4 secs

     total energy              =    -173.59229493 Ry
     Harris-Foulkes estimate   =    -173.59229486 Ry
     estimated scf accuracy    <       0.00000570 Ry

     total magnetization       =    -0.03 Bohr mag/cell
     absolute magnetization    =     4.55 Bohr mag/cell

     iteration # 29     ecut=    30.00 Ry     beta=0.30
     Davidson diagonalization with overlap
     ethr =  2.03E-08,  avg # of iterations =  3.0

     total cpu time spent up to now is       11.8 secs

     total energy              =    -173.59229694 Ry
     Harris-Foulkes estimate   =    -173.59229659 Ry
     estimated scf accuracy    <       0.00001319 Ry

     total magnetization       =    -0.03 Bohr mag/cell
     absolute magnetization    =     4.55 Bohr mag/cell

     iteration # 30     ecut=    30.00 Ry     beta=0.30
     Davidson diagonalization with overlap
     ethr =  2.03E-08,  avg # of iterations =  1.0

     total cpu time spent up to now is       12.1 secs

     total energy              =    -173.59229926 Ry
     Harris-Foulkes estimate   =    -173.59229866 Ry
     estimated scf accuracy    <       0.00000133 Ry

     total magnetization       =    -0.04 Bohr mag/cell
     absolute magnetization    =     4.55 Bohr mag/cell

     iteration # 31     ecut=    30.00 Ry     beta=0.30
     Davidson diagonalization with overlap
     ethr =  4.74E-09,  avg # of iterations =  2.0

     total cpu time spent up to now is       12.4 secs

     total energy              =    -173.59230044 Ry
     Harris-Foulkes estimate   =    -173.59230019 Ry
     estimated scf accuracy    <       0.00000140 Ry

     total magnetization       =    -0.04 Bohr mag/cell
     absolute magnetization    =     4.55 Bohr mag/cell

     iteration # 32     ecut=    30.00 Ry     beta=0.30
     Davidson diagonalization with overlap
     ethr =  4.74E-09,  avg # of iterations =  1.0

     total cpu time spent up to now is       12.8 secs

     total energy              =    -173.59230034 Ry
     Harris-Foulkes estimate   =    -173.59230052 Ry
     estimated scf accuracy    <       0.00000138 Ry

     total magnetization       =    -0.05 Bohr mag/cell
     absolute magnetization    =     4.55 Bohr mag/cell

     iteration # 33     ecut=    30.00 Ry     beta=0.30
     Davidson diagonalization with overlap
     ethr =  4.74E-09,  avg # of iterations =  1.0

     total cpu time spent up to now is       13.1 secs

     total energy              =    -173.59230015 Ry
     Harris-Foulkes estimate   =    -173.59230045 Ry
     estimated scf accuracy    <       0.00000214 Ry

     total magnetization       =    -0.05 Bohr mag/cell
     absolute magnetization    =     4.55 Bohr mag/cell

     iteration # 34     ecut=    30.00 Ry     beta=0.30
     Davidson diagonalization with overlap
     ethr =  4.74E-09,  avg # of iterations =  1.0

     total cpu time spent up to now is       13.4 secs

     total energy              =    -173.59230070 Ry
     Harris-Foulkes estimate   =    -173.59230032 Ry
     estimated scf accuracy    <       0.00000101 Ry

     total magnetization       =    -0.04 Bohr mag/cell
     absolute magnetization    =     4.55 Bohr mag/cell

     iteration # 35     ecut=    30.00 Ry     beta=0.30
     Davidson diagonalization with overlap
     ethr =  3.59E-09,  avg # of iterations =  1.0

     total cpu time spent up to now is       13.7 secs

     End of self-consistent calculation
 enter write_ns
U( 1) =  0.0000      U( 2) =  4.3000      U( 3) =  4.3000
alpha( 1) =  0.0000      alpha( 2) =  0.0000      alpha( 3) =  0.0000
atom    3   Tr[ns(na)]=   7.2938101
atom    3   spin  1
eigenvalues:  0.8194571 0.8194571 0.9359118 0.9359118 1.0948105
 eigenvectors
 1   0.0001877 -0.3599006  0.8146578 -0.0002799  0.4547572
 2   0.0002799  0.7328971 -0.0547655  0.0001877  0.6781316
 3  -0.1671756 -0.0002119  0.0002579  0.9859271  0.0000460
 4  -0.9859271  0.0001755  0.0000958 -0.1671756  0.0002713
 5   0.0000000  0.5773503  0.5773503  0.0000000 -0.5773503
 occupations
 0.936  0.000  0.000  0.000  0.000
 0.000  0.911  0.092  0.000 -0.092
 0.000  0.092  0.911  0.000 -0.092
 0.000  0.000  0.000  0.936  0.000
 0.000 -0.092 -0.092  0.000  0.911
atom    3   spin  2
eigenvalues:  0.1745731 0.1745731 0.6309865 0.6309865 1.0771427
 eigenvectors
 1  -0.4457758 -0.1913608  0.3878328  0.7587157  0.1964720
 2   0.7587157 -0.3373485  0.0029509  0.4457758 -0.3343976
 3   0.1888080  0.7137694 -0.4281781  0.4358738  0.2855913
 4   0.4358738  0.0823225  0.5769812 -0.1888080  0.6593037
 5   0.0000000 -0.5773503 -0.5773503  0.0000000  0.5773503
 occupations
 0.278  0.078  0.078  0.000  0.156
 0.078  0.711  0.183  0.135 -0.183
 0.078  0.183  0.711 -0.135 -0.183
 0.000  0.135 -0.135  0.278  0.000
 0.156 -0.183 -0.183  0.000  0.711
atom    4   Tr[ns(na)]=   7.2900071
atom    4   spin  1
eigenvalues:  0.1730869 0.1730869 0.6287539 0.6287539 1.0758550
 eigenvectors
 1   0.2876470  0.2566637 -0.3853691 -0.8284374 -0.1287054
 2   0.8284374 -0.2968010 -0.0738768  0.2876470 -0.3706778
 3   0.2100026  0.7142083 -0.4013147  0.4322610  0.3128935
 4   0.4322610  0.0510500  0.5929975 -0.2100026  0.6440475
 5   0.0000000 -0.5773503 -0.5773503  0.0000000  0.5773503
 occupations
 0.278  0.078  0.078  0.000  0.157
 0.078  0.708  0.184  0.136 -0.184
 0.078  0.184  0.708 -0.136 -0.184
 0.000  0.136 -0.136  0.278  0.000
 0.157 -0.184 -0.184  0.000  0.708
atom    4   spin  2
eigenvalues:  0.8214047 0.8214047 0.9360057 0.9360057 1.0956497
 eigenvectors
 1  -0.0007225 -0.5360952  0.8013852  0.0021030  0.2652900
 2  -0.0021030  0.6158452  0.1563494 -0.0007225  0.7721946
 3   0.1982210 -0.0013612  0.0017211 -0.9801548  0.0003599
 4   0.9801548  0.0012015  0.0005781  0.1982210  0.0017796
 5   0.0000000  0.5773503  0.5773503  0.0000000 -0.5773503
 occupations
 0.936  0.000  0.000  0.000  0.000
 0.000  0.913  0.091  0.000 -0.091
 0.000  0.091  0.913  0.000 -0.091
 0.000  0.000  0.000  0.936  0.000
 0.000 -0.091 -0.091  0.000  0.913
nsum =  14.5838172
 exit write_ns

 ------ SPIN UP ------------


          k = 0.0000 0.0000 0.0000 (   366 PWs)   bands (ev):

   -14.1669  -5.5648  -2.3425  -2.3424  -1.0797   3.4822   3.4822   6.6711
     7.1056   7.1056   8.1819   8.3931  10.4218  10.4220  10.7173  10.9503
    10.9503  11.7621  11.7621  17.7641

 ------ SPIN DOWN ----------


          k = 0.0000 0.0000 0.0000 (   366 PWs)   bands (ev):

   -14.1801  -5.5654  -2.3560  -2.3560  -1.0929   3.4521   3.4521   6.6546
     7.0874   7.0874   8.1781   8.3883  10.4218  10.4221  10.7038  10.9276
    10.9276  11.7635  11.7636  17.7592

     the Fermi energy is    10.5987 ev

!    total energy              =    -173.59230148 Ry
     Harris-Foulkes estimate   =    -173.59230106 Ry
     estimated scf accuracy    <       0.00000062 Ry

     The total energy is the sum of the following terms:

     one-electron contribution =     -40.61288649 Ry
     hartree contribution      =      47.36889281 Ry
     xc contribution           =     -66.25493013 Ry
     ewald contribution        =    -114.37446642 Ry
     Hubbard energy            =       0.31015498 Ry
     smearing contrib. (-TS)   =      -0.02906623 Ry

     total magnetization       =    -0.04 Bohr mag/cell
     absolute magnetization    =     4.55 Bohr mag/cell

     convergence has been achieved in  35 iterations

     Forces acting on atoms (Ry/au):

     atom    1 type  1   force =     0.00001282    0.00001282    0.00001282
     atom    2 type  1   force =     0.00011428    0.00011428    0.00011428
     atom    3 type  2   force =    -0.18819744   -0.18819744   -0.18819744
     atom    4 type  3   force =     0.18807034    0.18807034    0.18807034

     Total force =     0.460832     Total SCF correction =     0.000997


     entering subroutine stress ...

          total   stress  (Ry/bohr**3)                   (kbar)     P=  587.36
   0.00399282  -0.00093648  -0.00093648        587.36   -137.76   -137.76
  -0.00093648   0.00399282  -0.00093648       -137.76    587.36   -137.76
  -0.00093648  -0.00093648   0.00399282       -137.76   -137.76    587.36


     Writing output data file pwscf.save
 
     init_run     :      2.04s CPU      2.06s WALL (       1 calls)
     electrons    :     11.20s CPU     11.52s WALL (       1 calls)
     forces       :      0.26s CPU      0.26s WALL (       1 calls)
     stress       :      1.00s CPU      1.01s WALL (       1 calls)

     Called by init_run:
     wfcinit      :      0.02s CPU      0.03s WALL (       1 calls)
     potinit      :      0.09s CPU      0.09s WALL (       1 calls)

     Called by electrons:
     c_bands      :      1.87s CPU      1.90s WALL (      35 calls)
     sum_band     :      3.87s CPU      3.94s WALL (      35 calls)
     v_of_rho     :      1.49s CPU      1.54s WALL (      36 calls)
     newd         :      2.44s CPU      2.46s WALL (      36 calls)
     mix_rho      :      0.49s CPU      0.48s WALL (      35 calls)

     Called by c_bands:
     init_us_2    :      0.08s CPU      0.06s WALL (     168 calls)
     regterg      :      1.74s CPU      1.76s WALL (      70 calls)

     Called by *egterg:
     h_psi        :      1.52s CPU      1.52s WALL (     165 calls)
     s_psi        :      0.03s CPU      0.03s WALL (     187 calls)
     g_psi        :      0.02s CPU      0.02s WALL (      93 calls)
     rdiaghg      :      0.10s CPU      0.10s WALL (     163 calls)

     Called by h_psi:
     add_vuspsi   :      0.03s CPU      0.03s WALL (     165 calls)

     General routines
     calbec       :      0.10s CPU      0.09s WALL (     612 calls)
     fft          :      1.29s CPU      1.33s WALL (     612 calls)
     ffts         :      0.11s CPU      0.10s WALL (     142 calls)
     fftw         :      1.32s CPU      1.28s WALL (    3616 calls)
     interpolate  :      0.56s CPU      0.61s WALL (     142 calls)
     davcio       :      0.00s CPU      0.03s WALL (     492 calls)
 
 
     PWSCF        :    14.69s CPU        15.10s WALL

 
   This run was terminated on:  10:51: 3   6Jan2012            

=------------------------------------------------------------------------------=
   JOB DONE.
=------------------------------------------------------------------------------=
