
     Program PWSCF     v.4.1CVS starts ...
     Today is 21Nov2008 at 17: 7:28 

     For Norm-Conserving or Ultrasoft (Vanderbilt) Pseudopotentials or PAW

     Current dimensions of program pwscf are:
     Max number of different atomic species (ntypx) = 10
     Max number of k-points (npk) =  40000
     Max angular momentum in pseudopotentials (lmaxx) =  3

     WARNING: Pseudopotential #  1 file : HUSPBE.RRKJ3
     WARNING: WFC # 1(nX) IS NOT CORRECTLY NORMALIZED: norm=  1.011832
     WARNING: WFC HAS BEEN NOW RENORMALIZED 

     gamma-point specific algorithms are used


     initial path length           =  4.2553 bohr
     initial inter-image distance  =  0.6079 bohr
 
     calculation                   =  neb
     restart_mode                  =  from_scratch
     opt_scheme                    =  broyden
     num_of_images                 =  8
     nstep                         =  50
     CI_scheme                     =  no-CI
     first_last_opt                =  F
     coarse-grained phase-space    =  F
     use_freezing                  =  F
     ds                            =  2.0000 a.u.
     k_max                         =  0.3000 a.u.
     k_min                         =  0.2000 a.u.
     suggested k_max               =  0.1542 a.u.
     suggested k_min               =  0.1028 a.u.
     path_thr                      =  0.2000 eV / A

     ------------------------------ iteration   1 ------------------------------

     tcpu =      0.0    self-consistency for image   1
     tcpu =      0.4    self-consistency for image   2
     tcpu =      0.8    self-consistency for image   3
     tcpu =      1.3    self-consistency for image   4
     tcpu =      1.8    self-consistency for image   5
     tcpu =      2.3    self-consistency for image   6
     tcpu =      2.8    self-consistency for image   7
     tcpu =      3.2    self-consistency for image   8

     activation energy (->) =   1.627022 eV
     activation energy (<-) =   1.627022 eV

     image        energy (eV)        error (eV/A)        frozen

         1        -49.5015717            0.010102            T
         2        -49.1100937            1.835334            F
         3        -48.4128430            2.249253            F
         4        -47.8745493            1.873397            F
         5        -47.8745493            1.873396            F
         6        -48.4128430            2.249256            F
         7        -49.1100937            1.835336            F
         8        -49.5015717            0.010085            T

     path length          =  4.255 bohr
     inter-image distance =  0.608 bohr

     ------------------------------ iteration   2 ------------------------------

     tcpu =      3.6    self-consistency for image   2
     tcpu =      4.0    self-consistency for image   3
     tcpu =      4.4    self-consistency for image   4
     tcpu =      4.9    self-consistency for image   5
     tcpu =      5.4    self-consistency for image   6
     tcpu =      5.9    self-consistency for image   7

     activation energy (->) =   1.385585 eV
     activation energy (<-) =   1.385585 eV

     image        energy (eV)        error (eV/A)        frozen

         1        -49.5015717            0.010102            T
         2        -49.2214725            1.451934            F
         3        -48.6082414            1.970743            F
         4        -48.1159871            1.928493            F
         5        -48.1159869            1.928493            F
         6        -48.6082419            1.970743            F
         7        -49.2214727            1.451933            F
         8        -49.5015717            0.010085            T

     path length          =  4.295 bohr
     inter-image distance =  0.614 bohr

     ------------------------------ iteration   3 ------------------------------

     tcpu =      6.2    self-consistency for image   2
     tcpu =      6.6    self-consistency for image   3
     tcpu =      7.0    self-consistency for image   4
     tcpu =      7.5    self-consistency for image   5
     tcpu =      7.9    self-consistency for image   6
     tcpu =      8.4    self-consistency for image   7

     activation energy (->) =   1.058300 eV
     activation energy (<-) =   1.058300 eV

     image        energy (eV)        error (eV/A)        frozen

         1        -49.5015717            0.010102            T
         2        -49.3736160            1.177829            F
         3        -48.8763144            1.635196            F
         4        -48.4432718            1.701392            F
         5        -48.4432718            1.701392            F
         6        -48.8763143            1.635193            F
         7        -49.3736163            1.177826            F
         8        -49.5015717            0.010085            T

     path length          =  4.449 bohr
     inter-image distance =  0.636 bohr

     ------------------------------ iteration   4 ------------------------------

     tcpu =      8.8    self-consistency for image   2
     tcpu =      9.2    self-consistency for image   3
     tcpu =      9.6    self-consistency for image   4
     tcpu =     10.0    self-consistency for image   5
     tcpu =     10.4    self-consistency for image   6
     tcpu =     10.9    self-consistency for image   7

     activation energy (->) =   0.729987 eV
     activation energy (<-) =   0.729987 eV

     image        energy (eV)        error (eV/A)        frozen

         1        -49.5015717            0.010102            T
         2        -49.4648003            0.703411            F
         3        -49.1209347            1.468089            F
         4        -48.7715847            1.582547            F
         5        -48.7715847            1.582546            F
         6        -49.1209344            1.468091            F
         7        -49.4648004            0.703409            F
         8        -49.5015717            0.010085            T

     path length          =  4.688 bohr
     inter-image distance =  0.670 bohr

     ------------------------------ iteration   5 ------------------------------

     tcpu =     11.3    self-consistency for image   2
     tcpu =     11.7    self-consistency for image   3
     tcpu =     12.1    self-consistency for image   4
     tcpu =     12.6    self-consistency for image   5
     tcpu =     13.0    self-consistency for image   6
     tcpu =     13.4    self-consistency for image   7

     activation energy (->) =   0.437320 eV
     activation energy (<-) =   0.437320 eV

     image        energy (eV)        error (eV/A)        frozen

         1        -49.5015717            0.010102            T
         2        -49.4604312            0.963410            F
         3        -49.3093582            1.228159            F
         4        -49.0642514            1.312640            F
         5        -49.0642515            1.312640            F
         6        -49.3093580            1.228161            F
         7        -49.4604311            0.963410            F
         8        -49.5015717            0.010085            T

     path length          =  4.984 bohr
     inter-image distance =  0.712 bohr

     ------------------------------ iteration   6 ------------------------------

     tcpu =     13.8    self-consistency for image   2
     tcpu =     14.2    self-consistency for image   3
     tcpu =     14.7    self-consistency for image   4
     tcpu =     15.1    self-consistency for image   5
     tcpu =     15.6    self-consistency for image   6
     tcpu =     16.0    self-consistency for image   7

     activation energy (->) =   0.230915 eV
     activation energy (<-) =   0.230915 eV

     image        energy (eV)        error (eV/A)        frozen

         1        -49.5015717            0.010102            T
         2        -49.3750312            2.172367            F
         3        -49.3809319            1.351125            F
         4        -49.2706570            0.882933            F
         5        -49.2706571            0.882932            F
         6        -49.3809319            1.351122            F
         7        -49.3750313            2.172366            F
         8        -49.5015717            0.010085            T

     path length          =  5.311 bohr
     inter-image distance =  0.759 bohr

     ------------------------------ iteration   7 ------------------------------

     tcpu =     16.4    self-consistency for image   2
     tcpu =     16.8    self-consistency for image   3
     tcpu =     17.2    self-consistency for image   4
     tcpu =     17.6    self-consistency for image   5
     tcpu =     18.0    self-consistency for image   6
     tcpu =     18.4    self-consistency for image   7

     activation energy (->) =   0.298844 eV
     activation energy (<-) =   0.298844 eV

     image        energy (eV)        error (eV/A)        frozen

         1        -49.5015717            0.010102            T
         2        -49.4725159            0.651348            F
         3        -49.3807821            0.581736            F
         4        -49.2027276            1.052887            F
         5        -49.2027276            1.052887            F
         6        -49.3807820            0.581738            F
         7        -49.4725159            0.651347            F
         8        -49.5015717            0.010085            T

     path length          =  5.080 bohr
     inter-image distance =  0.726 bohr

     ------------------------------ iteration   8 ------------------------------

     tcpu =     18.8    self-consistency for image   2
     tcpu =     19.2    self-consistency for image   3
     tcpu =     19.6    self-consistency for image   4
     tcpu =     20.1    self-consistency for image   5
     tcpu =     20.5    self-consistency for image   6
     tcpu =     20.9    self-consistency for image   7

     activation energy (->) =   0.225903 eV
     activation energy (<-) =   0.225903 eV

     image        energy (eV)        error (eV/A)        frozen

         1        -49.5015717            0.010102            T
         2        -49.4763129            0.242907            F
         3        -49.3998549            0.170296            F
         4        -49.2756689            0.682832            F
         5        -49.2756689            0.682832            F
         6        -49.3998548            0.170297            F
         7        -49.4763129            0.242906            F
         8        -49.5015717            0.010085            T

     path length          =  5.183 bohr
     inter-image distance =  0.740 bohr

     ------------------------------ iteration   9 ------------------------------

     tcpu =     21.3    self-consistency for image   2
     tcpu =     21.6    self-consistency for image   3
     tcpu =     21.9    self-consistency for image   4
     tcpu =     22.3    self-consistency for image   5
     tcpu =     22.7    self-consistency for image   6
     tcpu =     23.1    self-consistency for image   7

     activation energy (->) =   0.196775 eV
     activation energy (<-) =   0.196775 eV

     image        energy (eV)        error (eV/A)        frozen

         1        -49.5015717            0.010102            T
         2        -49.4770211            0.212662            F
         3        -49.4056477            0.225880            F
         4        -49.3047967            0.386087            F
         5        -49.3047967            0.386087            F
         6        -49.4056477            0.225879            F
         7        -49.4770211            0.212662            F
         8        -49.5015717            0.010085            T

     path length          =  5.247 bohr
     inter-image distance =  0.750 bohr

     ------------------------------ iteration  10 ------------------------------

     tcpu =     23.3    self-consistency for image   2
     tcpu =     23.6    self-consistency for image   3
     tcpu =     24.0    self-consistency for image   4
     tcpu =     24.4    self-consistency for image   5
     tcpu =     24.8    self-consistency for image   6
     tcpu =     25.1    self-consistency for image   7

     activation energy (->) =   0.189973 eV
     activation energy (<-) =   0.189973 eV

     image        energy (eV)        error (eV/A)        frozen

         1        -49.5015717            0.010102            T
         2        -49.4783379            0.149294            F
         3        -49.4032631            0.149215            F
         4        -49.3115985            0.306128            F
         5        -49.3115985            0.306128            F
         6        -49.4032631            0.149215            F
         7        -49.4783379            0.149294            F
         8        -49.5015717            0.010085            T

     path length          =  5.262 bohr
     inter-image distance =  0.752 bohr

     ------------------------------ iteration  11 ------------------------------

     tcpu =     25.4    self-consistency for image   2
     tcpu =     25.7    self-consistency for image   3
     tcpu =     26.1    self-consistency for image   4
     tcpu =     26.4    self-consistency for image   5
     tcpu =     26.7    self-consistency for image   6
     tcpu =     27.0    self-consistency for image   7

     activation energy (->) =   0.191342 eV
     activation energy (<-) =   0.191342 eV

     image        energy (eV)        error (eV/A)        frozen

         1        -49.5015717            0.010102            T
         2        -49.4777188            0.019078            F
         3        -49.4031214            0.193810            F
         4        -49.3102299            0.269077            F
         5        -49.3102299            0.269077            F
         6        -49.4031214            0.193810            F
         7        -49.4777188            0.019077            F
         8        -49.5015717            0.010085            T

     path length          =  5.268 bohr
     inter-image distance =  0.753 bohr

     ------------------------------ iteration  12 ------------------------------

     tcpu =     27.3    self-consistency for image   2
     tcpu =     27.8    self-consistency for image   3
     tcpu =     28.2    self-consistency for image   4
     tcpu =     28.6    self-consistency for image   5
     tcpu =     29.1    self-consistency for image   6
     tcpu =     29.5    self-consistency for image   7

     activation energy (->) =   0.347470 eV
     activation energy (<-) =   0.347470 eV

     image        energy (eV)        error (eV/A)        frozen

         1        -49.5015717            0.010102            T
         2        -49.4498176            1.050509            F
         3        -49.3787813            0.436838            F
         4        -49.1541018            1.942319            F
         5        -49.1541018            1.942319            F
         6        -49.3787813            0.436838            F
         7        -49.4498175            1.050510            F
         8        -49.5015717            0.010085            T

     path length          =  5.722 bohr
     inter-image distance =  0.817 bohr

     ------------------------------ iteration  13 ------------------------------

     tcpu =     30.0    self-consistency for image   2
     tcpu =     30.4    self-consistency for image   3
     tcpu =     30.8    self-consistency for image   4
     tcpu =     31.2    self-consistency for image   5
     tcpu =     31.6    self-consistency for image   6
     tcpu =     32.0    self-consistency for image   7

     activation energy (->) =   0.187378 eV
     activation energy (<-) =   0.187378 eV

     image        energy (eV)        error (eV/A)        frozen

         1        -49.5015717            0.010102            T
         2        -49.4774302            0.113425            F
         3        -49.4008026            0.049247            F
         4        -49.3141932            0.067380            F
         5        -49.3141932            0.067380            F
         6        -49.4008026            0.049247            F
         7        -49.4774302            0.113425            F
         8        -49.5015717            0.010085            T

     path length          =  5.308 bohr
     inter-image distance =  0.758 bohr

     ---------------------------------------------------------------------------


     neb: convergence achieved in  13 iterations
 
     PWSCF        :    32.43s CPU time,   35.07s wall time

     init_run     :     4.83s CPU (      80 calls,   0.060 s avg)
     electrons    :    21.74s CPU (      80 calls,   0.272 s avg)
     update_pot   :     2.44s CPU (      72 calls,   0.034 s avg)
     forces       :     0.61s CPU (      80 calls,   0.008 s avg)

     Called by init_run:
     wfcinit      :     0.02s CPU (      80 calls,   0.000 s avg)
     potinit      :     1.74s CPU (      80 calls,   0.022 s avg)

     Called by electrons:
     c_bands      :     3.13s CPU (     678 calls,   0.005 s avg)
     sum_band     :     3.06s CPU (     678 calls,   0.005 s avg)
     v_of_rho     :    14.70s CPU (     828 calls,   0.018 s avg)
     newd         :     0.54s CPU (     756 calls,   0.001 s avg)
     mix_rho      :     0.90s CPU (     678 calls,   0.001 s avg)

     Called by c_bands:
     init_us_2    :     0.09s CPU (    3020 calls,   0.000 s avg)
     regterg      :     3.04s CPU (    1356 calls,   0.002 s avg)

     Called by *egterg:
     h_psi        :     2.38s CPU (    3587 calls,   0.001 s avg)
     s_psi        :     0.04s CPU (    3719 calls,   0.000 s avg)
     g_psi        :     0.10s CPU (    2215 calls,   0.000 s avg)
     rdiaghg      :     0.30s CPU (    3423 calls,   0.000 s avg)

     Called by h_psi:
     add_vuspsi   :     0.03s CPU (    3587 calls,   0.000 s avg)

     General routines
     calbec       :     0.08s CPU (    5847 calls,   0.000 s avg)
     cft3         :     3.57s CPU (   22760 calls,   0.000 s avg)
     cft3s        :     2.91s CPU (   26484 calls,   0.000 s avg)
     interpolate  :     1.11s CPU (    2868 calls,   0.000 s avg)
     davcio       :     0.02s CPU (    5048 calls,   0.000 s avg)
 
