
     Program PWSCF     v.4.0cvs starts ...
     Today is 23Nov2007 at 10:42:28 

     Ultrasoft (Vanderbilt) Pseudopotentials and PAW

     Current dimensions of program pwscf are:
     Max number of different atomic species (ntypx) = 10
     Max number of k-points (npk) =  40000
     Max angular momentum in pseudopotentials (lmaxx) =  3
     Generating pointlists ...
     new r_m :   0.3572


     bravais-lattice index     =            3
     lattice parameter (a_0)   =       5.2170  a.u.
     unit-cell volume          =      70.9958 (a.u.)^3
     number of atoms/cell      =            1
     number of atomic types    =            1
     number of electrons       =         8.00
     number of Kohn-Sham states=           16
     kinetic-energy cutoff     =      25.0000  Ry
     charge density cutoff     =     200.0000  Ry
     convergence threshold     =      1.0E-06
     mixing beta               =       0.2000
     number of iterations used =            8  plain     mixing
     Exchange-correlation      =  SLA  PZ   NOGX NOGC (1100)
     Noncollinear calculation without spin-orbit


     celldm(1)=   5.217000  celldm(2)=   0.000000  celldm(3)=   0.000000
     celldm(4)=   0.000000  celldm(5)=   0.000000  celldm(6)=   0.000000

     crystal axes: (cart. coord. in units of a_0)
               a(1) = (  0.500000  0.500000  0.500000 )  
               a(2) = ( -0.500000  0.500000  0.500000 )  
               a(3) = ( -0.500000 -0.500000  0.500000 )  

     reciprocal axes: (cart. coord. in units 2 pi/a_0)
               b(1) = (  1.000000  0.000000  1.000000 )  
               b(2) = ( -1.000000  1.000000  0.000000 )  
               b(3) = (  0.000000 -1.000000  1.000000 )  


     PseudoPot. # 1 for Fe read from file Fe.pz-nd-rrkjus.UPF
     Pseudo is Ultrasoft + core correction, Zval =  8.0
     Generated by new atomic code, or converted to UPF format
     Using radial grid of  957 points,  6 beta functions with: 
                l(1) =   0
                l(2) =   0
                l(3) =   1
                l(4) =   1
                l(5) =   2
                l(6) =   2
     Q(r) pseudized with 0 coefficients 


     atomic species   valence    mass     pseudopotential
        Fe             8.00    55.84700     Fe( 1.00)

     16 Sym.Ops. (with inversion)


   Cartesian axes

     site n.     atom                  positions (a_0 units)
         1           Fe  tau(  1) = (   0.0000000   0.0000000   0.0000000  )

     number of k points=   22  gaussian broad. (Ry)=  0.0500     ngauss =  -1
                       cart. coord. in units 2pi/a_0
        k(    1) = (   0.0625000   0.0625000   0.0625000), wk =   0.0270270
        k(    2) = (   0.0625000   0.0625000   0.1875000), wk =   0.0540541
        k(    3) = (   0.0625000   0.0625000   0.3125000), wk =   0.0540541
        k(    4) = (   0.0625000   0.0625000   0.4375000), wk =   0.0540541
        k(    5) = (   0.0625000   0.0625000   0.5625000), wk =   0.0540541
        k(    6) = (   0.0625000   0.0625000   0.6875000), wk =   0.0540541
        k(    7) = (   0.0625000   0.0625000   0.8125000), wk =   0.0540541
        k(    8) = (   0.0625000   0.0625000   0.9375000), wk =   0.0810811
        k(    9) = (   0.0625000   0.1875000   0.1875000), wk =   0.0270270
        k(   10) = (   0.0625000   0.1875000   0.3125000), wk =   0.0540541
        k(   11) = (   0.0625000   0.1875000   0.4375000), wk =   0.0540541
        k(   12) = (   0.1875000  -0.0625000   0.0625000), wk =   0.0270270
        k(   13) = (   0.3125000  -0.0625000   0.0625000), wk =   0.0270270
        k(   14) = (   0.4375000  -0.0625000   0.0625000), wk =   0.0270270
        k(   15) = (   0.5625000  -0.0625000   0.0625000), wk =   0.0270270
        k(   16) = (   0.6875000  -0.0625000   0.0625000), wk =   0.0270270
        k(   17) = (   0.8125000  -0.0625000   0.0625000), wk =   0.0270270
        k(   18) = (   0.1875000   0.0625000  -0.1875000), wk =   0.0540541
        k(   19) = (   0.1875000   0.0625000  -0.3125000), wk =   0.0540541
        k(   20) = (   0.3125000  -0.1875000   0.0625000), wk =   0.0540541
        k(   21) = (   0.1875000   0.0625000  -0.4375000), wk =   0.0540541
        k(   22) = (   0.4375000  -0.1875000   0.0625000), wk =   0.0540541

     G cutoff =  137.8834  (   3367 G-vectors)     FFT grid: ( 24, 24, 24)
     G cutoff =   68.9417  (   1205 G-vectors)  smooth grid: ( 15, 15, 15)

     Largest allocated arrays     est. size (Mb)     dimensions
        Kohn-Sham Wavefunctions         0.08 Mb     (    312,  16)
        NL pseudopotentials             0.04 Mb     (    156,  18)
        Each V/rho on FFT grid          0.21 Mb     (  13824)
        Each G-vector array             0.03 Mb     (   3367)
        G-vector shells                 0.00 Mb     (     64)
     Largest temporary arrays     est. size (Mb)     dimensions
        Each subspace H/S matrix        0.00 Mb     (     16,  16)
        Each <psi_i|beta_j> matrix      0.01 Mb     (     18,   2,  16)
        Arrays for rho mixing           1.69 Mb     (  13824,   8)

     Check: negative/imaginary core charge=   -0.000013    0.000000

     Initial potential from superposition of free atoms

     starting charge    7.99953, renormalised to    8.00000

 ==============================================================================
     atom number    1 relative position :    0.0000   0.0000   0.0000
     charge :     6.664635
     magnetization :          3.332318    0.000000    0.000000
     magnetization/charge:    0.500000    0.000000    0.000000
     polar coord.: r, theta, phi [deg] :     3.332318   90.000000    0.000000

 ==============================================================================
     Starting wfc are   12 atomic +    4 random wfc

     total cpu time spent up to now is      2.20 secs

     Self-consistent Calculation

     iteration #  1     ecut=    25.00 Ry     beta=0.20
     CG style diagonalization
     ethr =  1.00E-02,  avg # of iterations =  4.2

 ==============================================================================
     atom number    1 relative position :    0.0000   0.0000   0.0000
     charge :     6.571422
     magnetization :          3.220417   -0.000000    0.000000
     magnetization/charge:    0.490064   -0.000000    0.000000
     polar coord.: r, theta, phi [deg] :     3.220417   90.000000   -0.000000

 ==============================================================================

     total cpu time spent up to now is      4.32 secs

     total energy              =   -55.68105522 Ry
     Harris-Foulkes estimate   =   -55.73553659 Ry
     estimated scf accuracy    <     0.22491036 Ry

     total magnetization       =     2.95    -0.00     0.00 Bohr mag/cell
     absolute magnetization    =     2.95 Bohr mag/cell

     iteration #  2     ecut=    25.00 Ry     beta=0.20
     CG style diagonalization
     ethr =  2.81E-03,  avg # of iterations =  3.1

 ==============================================================================
     atom number    1 relative position :    0.0000   0.0000   0.0000
     charge :     6.476155
     magnetization :          3.096980   -0.000000    0.000000
     magnetization/charge:    0.478213   -0.000000    0.000000
     polar coord.: r, theta, phi [deg] :     3.096980   90.000000   -0.000000

 ==============================================================================

     total cpu time spent up to now is      5.94 secs

     total energy              =   -55.68588606 Ry
     Harris-Foulkes estimate   =   -55.69975283 Ry
     estimated scf accuracy    <     0.05141710 Ry

     total magnetization       =     3.06    -0.00     0.00 Bohr mag/cell
     absolute magnetization    =     3.06 Bohr mag/cell

     iteration #  3     ecut=    25.00 Ry     beta=0.20
     CG style diagonalization
     ethr =  6.43E-04,  avg # of iterations =  3.4

 ==============================================================================
     atom number    1 relative position :    0.0000   0.0000   0.0000
     charge :     6.398269
     magnetization :          2.989755    0.000000    0.000000
     magnetization/charge:    0.467276    0.000000    0.000000
     polar coord.: r, theta, phi [deg] :     2.989755   90.000000    0.000000

 ==============================================================================

     total cpu time spent up to now is      7.65 secs

     total energy              =   -55.69767054 Ry
     Harris-Foulkes estimate   =   -55.69252628 Ry
     estimated scf accuracy    <     0.00418546 Ry

     total magnetization       =     3.13     0.00     0.00 Bohr mag/cell
     absolute magnetization    =     3.13 Bohr mag/cell

     iteration #  4     ecut=    25.00 Ry     beta=0.20
     CG style diagonalization
     ethr =  5.23E-05,  avg # of iterations =  4.5

 ==============================================================================
     atom number    1 relative position :    0.0000   0.0000   0.0000
     charge :     6.416425
     magnetization :          3.006470    0.000000   -0.000000
     magnetization/charge:    0.468558    0.000000   -0.000000
     polar coord.: r, theta, phi [deg] :     3.006470   90.000000    0.000000

 ==============================================================================

     total cpu time spent up to now is      9.77 secs

     total energy              =   -55.69798550 Ry
     Harris-Foulkes estimate   =   -55.70003295 Ry
     estimated scf accuracy    <     0.00461826 Ry

     total magnetization       =     3.15    -0.00    -0.00 Bohr mag/cell
     absolute magnetization    =     3.15 Bohr mag/cell

     iteration #  5     ecut=    25.00 Ry     beta=0.20
     CG style diagonalization
     ethr =  5.23E-05,  avg # of iterations =  3.6

 ==============================================================================
     atom number    1 relative position :    0.0000   0.0000   0.0000
     charge :     6.413108
     magnetization :          3.004632    0.000000   -0.000000
     magnetization/charge:    0.468514    0.000000   -0.000000
     polar coord.: r, theta, phi [deg] :     3.004632   90.000000    0.000000

 ==============================================================================

     total cpu time spent up to now is     11.51 secs

     total energy              =   -55.69955074 Ry
     Harris-Foulkes estimate   =   -55.69963353 Ry
     estimated scf accuracy    <     0.00049764 Ry

     total magnetization       =     3.12    -0.00    -0.00 Bohr mag/cell
     absolute magnetization    =     3.12 Bohr mag/cell

     iteration #  6     ecut=    25.00 Ry     beta=0.20
     CG style diagonalization
     c_bands:  1 eigenvalues not converged
     ethr =  6.22E-06,  avg # of iterations =  3.9

 ==============================================================================
     atom number    1 relative position :    0.0000   0.0000   0.0000
     charge :     6.415639
     magnetization :          3.013691    0.000000    0.000000
     magnetization/charge:    0.469741    0.000000    0.000000
     polar coord.: r, theta, phi [deg] :     3.013691   90.000000    0.000000

 ==============================================================================

     total cpu time spent up to now is     13.32 secs

     total energy              =   -55.69967180 Ry
     Harris-Foulkes estimate   =   -55.69968418 Ry
     estimated scf accuracy    <     0.00016193 Ry

     total magnetization       =     3.12    -0.00     0.00 Bohr mag/cell
     absolute magnetization    =     3.12 Bohr mag/cell

     iteration #  7     ecut=    25.00 Ry     beta=0.20
     CG style diagonalization
     ethr =  2.02E-06,  avg # of iterations =  3.7

 ==============================================================================
     atom number    1 relative position :    0.0000   0.0000   0.0000
     charge :     6.416364
     magnetization :          3.025262    0.000000    0.000000
     magnetization/charge:    0.471492    0.000000    0.000000
     polar coord.: r, theta, phi [deg] :     3.025262   90.000000    0.000000

 ==============================================================================

     total cpu time spent up to now is     15.06 secs

     total energy              =   -55.69967406 Ry
     Harris-Foulkes estimate   =   -55.69969878 Ry
     estimated scf accuracy    <     0.00012735 Ry

     total magnetization       =     3.13     0.00    -0.00 Bohr mag/cell
     absolute magnetization    =     3.13 Bohr mag/cell

     iteration #  8     ecut=    25.00 Ry     beta=0.20
     CG style diagonalization
     ethr =  1.59E-06,  avg # of iterations =  3.2

 ==============================================================================
     atom number    1 relative position :    0.0000   0.0000   0.0000
     charge :     6.415658
     magnetization :          3.026851    0.000000    0.000000
     magnetization/charge:    0.471791    0.000000    0.000000
     polar coord.: r, theta, phi [deg] :     3.026851   90.000000    0.000000

 ==============================================================================

     total cpu time spent up to now is     16.58 secs

     total energy              =   -55.69968169 Ry
     Harris-Foulkes estimate   =   -55.69968454 Ry
     estimated scf accuracy    <     0.00004944 Ry

     total magnetization       =     3.14    -0.00     0.00 Bohr mag/cell
     absolute magnetization    =     3.14 Bohr mag/cell

     iteration #  9     ecut=    25.00 Ry     beta=0.20
     CG style diagonalization
     ethr =  6.18E-07,  avg # of iterations =  3.1

 ==============================================================================
     atom number    1 relative position :    0.0000   0.0000   0.0000
     charge :     6.414001
     magnetization :          3.052663   -0.000000    0.000000
     magnetization/charge:    0.475937   -0.000000    0.000000
     polar coord.: r, theta, phi [deg] :     3.052663   90.000000   -0.000000

 ==============================================================================

     total cpu time spent up to now is     18.06 secs

     total energy              =   -55.69966487 Ry
     Harris-Foulkes estimate   =   -55.69968379 Ry
     estimated scf accuracy    <     0.00004092 Ry

     total magnetization       =     3.14     0.00    -0.00 Bohr mag/cell
     absolute magnetization    =     3.14 Bohr mag/cell

     iteration # 10     ecut=    25.00 Ry     beta=0.20
     CG style diagonalization
     ethr =  5.12E-07,  avg # of iterations =  3.1

 ==============================================================================
     atom number    1 relative position :    0.0000   0.0000   0.0000
     charge :     6.413262
     magnetization :          3.054368   -0.000000    0.000000
     magnetization/charge:    0.476258   -0.000000    0.000000
     polar coord.: r, theta, phi [deg] :     3.054368   90.000000   -0.000000

 ==============================================================================

     total cpu time spent up to now is     19.54 secs

     total energy              =   -55.69968155 Ry
     Harris-Foulkes estimate   =   -55.69968102 Ry
     estimated scf accuracy    <     0.00000542 Ry

     total magnetization       =     3.17    -0.00     0.00 Bohr mag/cell
     absolute magnetization    =     3.17 Bohr mag/cell

     iteration # 11     ecut=    25.00 Ry     beta=0.20
     CG style diagonalization
     ethr =  6.77E-08,  avg # of iterations =  3.5

 ==============================================================================
     atom number    1 relative position :    0.0000   0.0000   0.0000
     charge :     6.412526
     magnetization :          3.064499   -0.000000   -0.000000
     magnetization/charge:    0.477893   -0.000000   -0.000000
     polar coord.: r, theta, phi [deg] :     3.064499   90.000000   -0.000000

 ==============================================================================

     total cpu time spent up to now is     21.19 secs

     total energy              =   -55.69967867 Ry
     Harris-Foulkes estimate   =   -55.69968346 Ry
     estimated scf accuracy    <     0.00000562 Ry

     total magnetization       =     3.17     0.00    -0.00 Bohr mag/cell
     absolute magnetization    =     3.17 Bohr mag/cell

     iteration # 12     ecut=    25.00 Ry     beta=0.20
     CG style diagonalization
     ethr =  6.77E-08,  avg # of iterations =  3.5

 ==============================================================================
     atom number    1 relative position :    0.0000   0.0000   0.0000
     charge :     6.412956
     magnetization :          3.064493    0.000000    0.000000
     magnetization/charge:    0.477860    0.000000    0.000000
     polar coord.: r, theta, phi [deg] :     3.064493   90.000000    0.000000

 ==============================================================================

     total cpu time spent up to now is     22.81 secs

     End of self-consistent calculation

          k = 0.0625 0.0625 0.0625 (   141 PWs)   bands (ev):

     5.6975   6.4712  11.6750  11.6750  11.9017  13.4656  13.4656  14.6631
    14.6632  14.9246  16.5267  16.5267  38.7457  38.7459  39.4538  39.4551

          k = 0.0625 0.0625 0.1875 (   148 PWs)   bands (ev):

     6.3624   7.1450  11.5785  11.6565  12.2003  13.1702  13.6045  14.5291
    14.6012  15.2512  16.1614  16.6990  36.2585  37.2024  37.8443  38.7818

          k = 0.0625 0.0625 0.3125 (   152 PWs)   bands (ev):

     7.5613   8.3880  11.6140  11.6464  12.6186  12.6615  13.8634  14.4954
    14.5183  15.5601  15.7125  16.9722  33.8657  35.0495  35.4788  36.6428

          k = 0.0625 0.0625 0.4375 (   156 PWs)   bands (ev):

     8.9390   9.9422  11.4550  11.8338  12.3078  13.1138  14.0821  14.4062
    14.7045  15.2267  16.2720  17.3555  31.7397  32.7143  33.1540  34.0018

          k = 0.0625 0.0625 0.5625 (   148 PWs)   bands (ev):

     9.8480  10.8045  11.2897  12.1911  12.5729  13.2437  13.6100  15.0869
    15.5259  15.8147  16.8401  18.2383  29.6272  30.1005  31.1486  31.4630

          k = 0.0625 0.0625 0.6875 (   146 PWs)   bands (ev):

     9.9282  10.1043  11.8330  12.4087  12.7202  13.1714  14.0637  15.6746
    16.2000  17.3600  18.3352  20.1529  27.4626  27.7459  28.9139  29.0794

          k = 0.0625 0.0625 0.8125 (   144 PWs)   bands (ev):

     9.5638   9.5713  11.6853  11.7770  13.4279  13.8839  14.3732  16.5062
    17.0635  17.7245  21.5113  22.9167  25.5701  25.8416  26.8447  27.0462

          k = 0.0625 0.0625 0.9375 (   143 PWs)   bands (ev):

     9.2734   9.2734  11.4409  11.4409  14.0720  14.4126  14.4126  17.3212
    17.7653  17.7653  24.4154  24.4154  24.7998  25.5004  25.5004  25.8540

          k = 0.0625 0.1875 0.1875 (   151 PWs)   bands (ev):

     6.9743   7.7802  11.3157  11.5648  12.6753  13.2514  13.5276  14.2172
    14.4040  15.7694  16.2889  16.6090  33.9643  35.1499  36.7271  37.6012

          k = 0.0625 0.1875 0.3125 (   152 PWs)   bands (ev):

     8.0235   8.9279  11.1721  11.5475  13.0256  13.2346  13.7477  14.0183
    14.1904  16.0441  16.3827  16.8475  31.1765  32.5564  34.9134  35.9060

          k = 0.0625 0.1875 0.4375 (   153 PWs)   bands (ev):

     9.1033  10.3062  11.1852  11.5407  12.8498  13.6958  13.7927  14.1426
    14.4627  15.8354  16.9210  17.3624  28.6258  30.1618  32.6047  33.8030

          k = 0.1875-0.0625 0.0625 (   148 PWs)   bands (ev):

     6.3624   7.1450  11.5785  11.6565  12.2003  13.1702  13.6045  14.5291
    14.6012  15.2511  16.1613  16.6991  36.2584  37.2024  37.8443  38.7816

          k = 0.3125-0.0625 0.0625 (   152 PWs)   bands (ev):

     7.5613   8.3880  11.6140  11.6464  12.6186  12.6615  13.8634  14.4954
    14.5183  15.5601  15.7125  16.9722  33.8656  35.0494  35.4789  36.6428

          k = 0.4375-0.0625 0.0625 (   156 PWs)   bands (ev):

     8.9390   9.9422  11.4550  11.8338  12.3078  13.1138  14.0820  14.4062
    14.7045  15.2267  16.2720  17.3555  31.7397  32.7142  33.1539  34.0016

          k = 0.5625-0.0625 0.0625 (   148 PWs)   bands (ev):

     9.8480  10.8045  11.2897  12.1911  12.5729  13.2437  13.6100  15.0869
    15.5259  15.8147  16.8401  18.2383  29.6273  30.1005  31.1486  31.4630

          k = 0.6875-0.0625 0.0625 (   146 PWs)   bands (ev):

     9.9282  10.1043  11.8330  12.4087  12.7202  13.1714  14.0637  15.6746
    16.2000  17.3600  18.3352  20.1529  27.4626  27.7459  28.9138  29.0794

          k = 0.8125-0.0625 0.0625 (   144 PWs)   bands (ev):

     9.5638   9.5713  11.6853  11.7769  13.4279  13.8839  14.3732  16.5062
    17.0635  17.7245  21.5113  22.9167  25.5701  25.8416  26.8448  27.0461

          k = 0.1875 0.0625-0.1875 (   151 PWs)   bands (ev):

     6.9743   7.7802  11.3157  11.5648  12.6753  13.2514  13.5276  14.2172
    14.4040  15.7694  16.2889  16.6091  33.9642  35.1499  36.7271  37.6013

          k = 0.1875 0.0625-0.3125 (   152 PWs)   bands (ev):

     8.0235   8.9279  11.1721  11.5475  13.0256  13.2346  13.7477  14.0183
    14.1904  16.0441  16.3827  16.8476  31.1765  32.5564  34.9134  35.9060

          k = 0.3125-0.1875 0.0625 (   152 PWs)   bands (ev):

     8.0235   8.9279  11.1721  11.5475  13.0256  13.2346  13.7477  14.0183
    14.1904  16.0441  16.3827  16.8476  31.1764  32.5564  34.9135  35.9062

          k = 0.1875 0.0625-0.4375 (   153 PWs)   bands (ev):

     9.1033  10.3062  11.1852  11.5407  12.8498  13.6958  13.7928  14.1426
    14.4627  15.8354  16.9210  17.3624  28.6257  30.1618  32.6046  33.8029

          k = 0.4375-0.1875 0.0625 (   153 PWs)   bands (ev):

     9.1033  10.3062  11.1852  11.5407  12.8498  13.6958  13.7927  14.1426
    14.4627  15.8354  16.9210  17.3624  28.6258  30.1617  32.6046  33.8030

     the Fermi energy is    14.6608 ev

!    total energy              =   -55.69968341 Ry
     Harris-Foulkes estimate   =   -55.69968313 Ry
     estimated scf accuracy    <     0.00000039 Ry

     The total energy is the sum of the following terms:

     one-electron contribution =     8.92827996 Ry
     hartree contribution      =     6.13581135 Ry
     xc contribution           =   -26.12304701 Ry
     ewald contribution        =   -44.64461207 Ry
     smearing contrib. (-TS)   =     0.00388436 Ry

     total magnetization       =     3.18    -0.00     0.00 Bohr mag/cell
     absolute magnetization    =     3.18 Bohr mag/cell

     convergence has been achieved in  12 iterations

     Writing output data file pwscf.save

     PWSCF        :    22.94s CPU time,   24.35s wall time

     init_run     :     1.92s CPU
     electrons    :    20.61s CPU


     electrons    :    20.61s CPU
     c_bands      :    15.79s CPU (      12 calls,   1.316 s avg)
     sum_band     :     3.48s CPU (      12 calls,   0.290 s avg)
     v_of_rho     :     0.39s CPU (      13 calls,   0.030 s avg)
     v_h          :     0.02s CPU (      13 calls,   0.001 s avg)
     v_xc         :     0.38s CPU (      13 calls,   0.029 s avg)
     newd         :     0.59s CPU (      13 calls,   0.045 s avg)
     mix_rho      :     0.13s CPU (      12 calls,   0.011 s avg)

     c_bands      :    15.79s CPU (      12 calls,   1.316 s avg)
     init_us_2    :     0.12s CPU (     550 calls,   0.000 s avg)
     ccgdiagg     :    11.85s CPU (     264 calls,   0.045 s avg)

     sum_band     :     3.48s CPU (      12 calls,   0.290 s avg)
     becsum       :     0.05s CPU (     264 calls,   0.000 s avg)
     addusdens    :     0.99s CPU (      12 calls,   0.082 s avg)

     wfcrot       :     4.24s CPU (     264 calls,   0.016 s avg)
     h_1psi       :     9.80s CPU (   11155 calls,   0.001 s avg)
     s_1psi       :     1.09s CPU (   11155 calls,   0.000 s avg)

     h_1psi       :     9.80s CPU (   11155 calls,   0.001 s avg)
     init         :     0.75s CPU (   11419 calls,   0.000 s avg)
     firstfft     :     4.78s CPU (   15379 calls,   0.000 s avg)
     secondfft    :     3.55s CPU (   15379 calls,   0.000 s avg)
     add_vuspsi   :     0.81s CPU (   11419 calls,   0.000 s avg)

     General routines
     ccalbec      :     1.39s CPU (   22838 calls,   0.000 s avg)
     cft3         :     0.39s CPU (     359 calls,   0.001 s avg)
     cft3s        :     7.40s CPU (   70064 calls,   0.000 s avg)
     interpolate  :     0.15s CPU (     100 calls,   0.001 s avg)
     davcio       :     0.01s CPU (     814 calls,   0.000 s avg)

