
     Program PWSCF v.4.2        starts on 30Aug2010 at  7:43:41 

     This program is part of the open-source Quantum ESPRESSO suite
     for quantum simulation of materials; please cite
         "P. Giannozzi et al., J. Phys.:Condens. Matter 21 395502 (2009);
          URL http://www.quantum-espresso.org", 
     in publications or presentations arising from this work. More details at
     http://www.quantum-espresso.org/wiki/index.php/Citing_Quantum-ESPRESSO

     Current dimensions of program PWSCF are:
     Max number of different atomic species (ntypx) = 10
     Max number of k-points (npk) =  40000
     Max angular momentum in pseudopotentials (lmaxx) =  3
     Waiting for input...

     gamma-point specific algorithms are used


     bravais-lattice index     =            2
     lattice parameter (a_0)   =      25.0000  a.u.
     unit-cell volume          =    3906.2500 (a.u.)^3
     number of atoms/cell      =            1
     number of atomic types    =            1
     number of electrons       =         6.00
     number of Kohn-Sham states=            7
     kinetic-energy cutoff     =      30.0000  Ry
     charge density cutoff     =     120.0000  Ry
     convergence threshold     =      1.0E-06
     mixing beta               =       0.7000
     number of iterations used =            8  plain     mixing
     Exchange-correlation      =  SLA  PW   PBX  PBC (1434)
     EXX-fraction              =        0.00

     celldm(1)=  25.000000  celldm(2)=   0.000000  celldm(3)=   0.000000
     celldm(4)=   0.000000  celldm(5)=   0.000000  celldm(6)=   0.000000

     crystal axes: (cart. coord. in units of a_0)
               a(1) = (  -0.500000   0.000000   0.500000 )  
               a(2) = (   0.000000   0.500000   0.500000 )  
               a(3) = (  -0.500000   0.500000   0.000000 )  

     reciprocal axes: (cart. coord. in units 2 pi/a_0)
               b(1) = ( -1.000000 -1.000000  1.000000 )  
               b(2) = (  1.000000  1.000000  1.000000 )  
               b(3) = ( -1.000000  1.000000 -1.000000 )  


     PseudoPot. # 1 for  O read from file O.pbe-paw_kj.UPF
     MD5 check sum: 90f4868982d1b5f8aada8373f3a0510a
     Pseudo is Projector augmented-wave + core cor, Zval =  6.0
     Generated using "atomic" code by A. Dal Corso (espresso distribution)
     Shape of augmentation charge: BESSEL
     Using radial grid of 1095 points,  4 beta functions with: 
                l(1) =   0
                l(2) =   0
                l(3) =   1
                l(4) =   1
     Q(r) pseudized with 0 coefficients 


     atomic species   valence    mass     pseudopotential
        O              6.00     1.00000      O( 1.00)

     Starting magnetic structure 
     atomic species   magnetization
        O            0.000

     No symmetry found

   Cartesian axes

     site n.     atom                  positions (a_0 units)
         1           O   tau(  1) = (   0.0000000   0.0000000   0.0000000  )

     number of k points=     2
                       cart. coord. in units 2pi/a_0
        k(    1) = (   0.0000000   0.0000000   0.0000000), wk =   1.0000000
        k(    2) = (   0.0000000   0.0000000   0.0000000), wk =   1.0000000

     G cutoff = 1899.7722  (  43454 G-vectors)     FFT grid: ( 64, 64, 64)

     Occupations read from input 

      Spin-up

        1.0000   1.0000   1.0000   1.0000   0.0000   0.0000   0.0000

      Spin-down

        1.0000   1.0000   0.0000   0.0000   0.0000   0.0000   0.0000

     Largest allocated arrays     est. size (Mb)     dimensions
        Kohn-Sham Wavefunctions         0.58 Mb     (   5425,   7)
        NL pseudopotentials             0.66 Mb     (   5425,   8)
        Each V/rho on FFT grid          8.00 Mb     ( 262144,   2)
        Each G-vector array             0.33 Mb     (  43454)
        G-vector shells                 0.00 Mb     (    636)
     Largest temporary arrays     est. size (Mb)     dimensions
        Auxiliary wavefunctions         1.16 Mb     (   5425,  28)
        Each subspace H/S matrix        0.01 Mb     (     28,  28)
        Each <psi_i|beta_j> matrix      0.00 Mb     (      8,   7)
        Arrays for rho mixing          32.00 Mb     ( 262144,   8)

     Initial potential from superposition of free atoms
     Check: negative starting charge=(component1):   -0.000870
     Check: negative starting charge=(component2):   -0.000870

     starting charge    6.00001, renormalised to    6.00000

     negative rho (up, down):  0.870E-03 0.870E-03
     Starting wfc are    4 atomic +    3 random wfc

     total cpu time spent up to now is      1.90 secs

     per-process dynamical memory:    53.6 Mb

     Self-consistent Calculation

     iteration #  1     ecut=    30.00 Ry     beta=0.70
     Davidson diagonalization with overlap
     ethr =  1.00E-02,  avg # of iterations =  7.0

     negative rho (up, down):  0.133E-02 0.141E-02

     total cpu time spent up to now is      3.59 secs

     total energy              =     -41.23970941 Ry
     Harris-Foulkes estimate   =     -41.12629178 Ry
     estimated scf accuracy    <       0.13337181 Ry

     total magnetization       =     2.00 Bohr mag/cell
     absolute magnetization    =     2.01 Bohr mag/cell

     iteration #  2     ecut=    30.00 Ry     beta=0.70
     Davidson diagonalization with overlap
     ethr =  2.22E-03,  avg # of iterations =  1.0

     negative rho (up, down):  0.166E-02 0.211E-02

     total cpu time spent up to now is      4.88 secs

     total energy              =     -41.26323998 Ry
     Harris-Foulkes estimate   =     -41.24462597 Ry
     estimated scf accuracy    <       0.01343795 Ry

     total magnetization       =     2.00 Bohr mag/cell
     absolute magnetization    =     2.01 Bohr mag/cell

     iteration #  3     ecut=    30.00 Ry     beta=0.70
     Davidson diagonalization with overlap
     ethr =  2.24E-04,  avg # of iterations =  1.5

     negative rho (up, down):  0.168E-02 0.204E-02

     total cpu time spent up to now is      6.22 secs

     total energy              =     -41.26481671 Ry
     Harris-Foulkes estimate   =     -41.26488027 Ry
     estimated scf accuracy    <       0.00042940 Ry

     total magnetization       =     2.00 Bohr mag/cell
     absolute magnetization    =     2.02 Bohr mag/cell

     iteration #  4     ecut=    30.00 Ry     beta=0.70
     Davidson diagonalization with overlap
     WARNING:     1 eigenvalues not converged
     c_bands:  1 eigenvalues not converged
     ethr =  7.16E-06,  avg # of iterations = 18.0

     negative rho (up, down):  0.173E-02 0.199E-02

     total cpu time spent up to now is      8.34 secs

     total energy              =     -41.26498025 Ry
     Harris-Foulkes estimate   =     -41.26495430 Ry
     estimated scf accuracy    <       0.00006160 Ry

     total magnetization       =     2.00 Bohr mag/cell
     absolute magnetization    =     2.02 Bohr mag/cell

     iteration #  5     ecut=    30.00 Ry     beta=0.70
     Davidson diagonalization with overlap
     WARNING:     1 eigenvalues not converged
     c_bands:  1 eigenvalues not converged
     ethr =  1.03E-06,  avg # of iterations = 19.5

     negative rho (up, down):  0.173E-02 0.198E-02

     total cpu time spent up to now is     10.41 secs

     total energy              =     -41.26499280 Ry
     Harris-Foulkes estimate   =     -41.26499150 Ry
     estimated scf accuracy    <       0.00000178 Ry

     total magnetization       =     2.00 Bohr mag/cell
     absolute magnetization    =     2.03 Bohr mag/cell

     iteration #  6     ecut=    30.00 Ry     beta=0.70
     Davidson diagonalization with overlap
     ethr =  2.97E-08,  avg # of iterations =  2.5

     negative rho (up, down):  0.173E-02 0.198E-02

     total cpu time spent up to now is     11.82 secs

     total energy              =     -41.26499403 Ry
     Harris-Foulkes estimate   =     -41.26499358 Ry
     estimated scf accuracy    <       0.00000137 Ry

     total magnetization       =     2.00 Bohr mag/cell
     absolute magnetization    =     2.03 Bohr mag/cell

     iteration #  7     ecut=    30.00 Ry     beta=0.70
     Davidson diagonalization with overlap
     ethr =  2.28E-08,  avg # of iterations =  1.0

     negative rho (up, down):  0.173E-02 0.198E-02

     total cpu time spent up to now is     13.19 secs

     total energy              =     -41.26498599 Ry
     Harris-Foulkes estimate   =     -41.26499413 Ry
     estimated scf accuracy    <       0.00000136 Ry

     total magnetization       =     2.00 Bohr mag/cell
     absolute magnetization    =     2.03 Bohr mag/cell

     iteration #  8     ecut=    30.00 Ry     beta=0.70
     Davidson diagonalization with overlap
     ethr =  2.27E-08,  avg # of iterations =  2.0

     negative rho (up, down):  0.173E-02 0.199E-02

     total cpu time spent up to now is     14.63 secs

     total energy              =     -41.26488037 Ry
     Harris-Foulkes estimate   =     -41.26500116 Ry
     estimated scf accuracy    <       0.00000134 Ry

     total magnetization       =     2.00 Bohr mag/cell
     absolute magnetization    =     2.03 Bohr mag/cell

     iteration #  9     ecut=    30.00 Ry     beta=0.70
     Davidson diagonalization with overlap
     ethr =  2.24E-08,  avg # of iterations =  3.0

     negative rho (up, down):  0.173E-02 0.199E-02

     total cpu time spent up to now is     16.13 secs

     total energy              =     -41.26499178 Ry
     Harris-Foulkes estimate   =     -41.26502034 Ry
     estimated scf accuracy    <       0.00000141 Ry

     total magnetization       =     2.00 Bohr mag/cell
     absolute magnetization    =     2.03 Bohr mag/cell

     iteration # 10     ecut=    30.00 Ry     beta=0.70
     Davidson diagonalization with overlap
     ethr =  2.24E-08,  avg # of iterations =  3.0

     negative rho (up, down):  0.173E-02 0.195E-02

     total cpu time spent up to now is     17.63 secs

     total energy              =     -41.26501728 Ry
     Harris-Foulkes estimate   =     -41.26502812 Ry
     estimated scf accuracy    <       0.00000147 Ry

     total magnetization       =     2.00 Bohr mag/cell
     absolute magnetization    =     2.03 Bohr mag/cell

     iteration # 11     ecut=    30.00 Ry     beta=0.70
     Davidson diagonalization with overlap
     ethr =  2.24E-08,  avg # of iterations =  2.0

     negative rho (up, down):  0.173E-02 0.210E-02

     total cpu time spent up to now is     19.09 secs

     total energy              =     -41.26340342 Ry
     Harris-Foulkes estimate   =     -41.26502585 Ry
     estimated scf accuracy    <       0.00000992 Ry

     total magnetization       =     2.00 Bohr mag/cell
     absolute magnetization    =     2.03 Bohr mag/cell

     iteration # 12     ecut=    30.00 Ry     beta=0.70
     Davidson diagonalization with overlap
     ethr =  2.24E-08,  avg # of iterations =  8.0

     negative rho (up, down):  0.173E-02 0.196E-02

     total cpu time spent up to now is     20.89 secs

     total energy              =     -41.26348414 Ry
     Harris-Foulkes estimate   =     -41.26496347 Ry
     estimated scf accuracy    <       0.00010760 Ry

     total magnetization       =     2.00 Bohr mag/cell
     absolute magnetization    =     2.03 Bohr mag/cell

     iteration # 13     ecut=    30.00 Ry     beta=0.70
     Davidson diagonalization with overlap
     ethr =  2.24E-08,  avg # of iterations =  7.0

     negative rho (up, down):  0.173E-02 0.198E-02

     total cpu time spent up to now is     22.77 secs

     total energy              =     -41.26496300 Ry
     Harris-Foulkes estimate   =     -41.26502694 Ry
     estimated scf accuracy    <       0.00000578 Ry

     total magnetization       =     2.00 Bohr mag/cell
     absolute magnetization    =     2.03 Bohr mag/cell

     iteration # 14     ecut=    30.00 Ry     beta=0.70
     Davidson diagonalization with overlap
     ethr =  2.24E-08,  avg # of iterations =  3.0

     negative rho (up, down):  0.173E-02 0.199E-02

     total cpu time spent up to now is     24.07 secs

     End of self-consistent calculation

 ------ SPIN UP ------------


          k = 0.0000 0.0000 0.0000 (  5425 PWs)   bands (ev):

   -24.9932 -10.7247 -10.7215  -8.6430  -0.6275   1.7940   1.7949

 ------ SPIN DOWN ----------


          k = 0.0000 0.0000 0.0000 (  5425 PWs)   bands (ev):

   -21.3908  -7.4241  -6.3336  -6.3313  -0.5141   1.9180   2.0689

     highest occupied, lowest unoccupied level (ev):    -7.4241   -6.3336

!    total energy              =     -41.26503781 Ry
     Harris-Foulkes estimate   =     -41.26503741 Ry
     estimated scf accuracy    <       0.00000070 Ry

     total all-electron energy =      -150.025784 Ry

     The total energy is the sum of the following terms:

     one-electron contribution =     -38.87583628 Ry
     hartree contribution      =      20.87787574 Ry
     xc contribution           =      -6.69533557 Ry
     ewald contribution        =      -6.60220143 Ry
     one-center paw contrib.   =      -9.96954026 Ry

     total magnetization       =     2.00 Bohr mag/cell
     absolute magnetization    =     2.03 Bohr mag/cell

     convergence has been achieved in  14 iterations

     Writing output data file pwscf.save
 
     init_run     :      1.62s CPU      1.66s WALL (       1 calls)
     electrons    :     21.65s CPU     22.17s WALL (       1 calls)

     Called by init_run:
     wfcinit      :      0.14s CPU      0.15s WALL (       1 calls)
     potinit      :      0.66s CPU      0.69s WALL (       1 calls)

     Called by electrons:
     c_bands      :      7.39s CPU      7.44s WALL (      14 calls)
     sum_band     :      2.86s CPU      2.88s WALL (      14 calls)
     v_of_rho     :      6.86s CPU      7.10s WALL (      15 calls)
     newd         :      0.96s CPU      0.97s WALL (      15 calls)
     mix_rho      :      1.43s CPU      1.44s WALL (      14 calls)

     Called by c_bands:
     init_us_2    :      0.11s CPU      0.11s WALL (      58 calls)
     regterg      :      7.28s CPU      7.31s WALL (      28 calls)

     Called by *egterg:
     h_psi        :      6.79s CPU      6.81s WALL (     187 calls)
     s_psi        :      0.02s CPU      0.03s WALL (     187 calls)
     g_psi        :      0.09s CPU      0.10s WALL (     157 calls)
     rdiaghg      :      0.03s CPU      0.04s WALL (     185 calls)

     Called by h_psi:
     add_vuspsi   :      0.03s CPU      0.03s WALL (     187 calls)

     General routines
     calbec       :      0.09s CPU      0.09s WALL (     215 calls)
     fft          :      3.73s CPU      3.73s WALL (     371 calls)
     fftw         :      6.36s CPU      6.39s WALL (     900 calls)
     davcio       :      0.00s CPU      0.03s WALL (      86 calls)
 
 
     PAW routines
     PAW_pot      :      2.02s CPU      2.02s WALL (      15 calls)
     PAW_ddot     :      0.50s CPU      0.49s WALL (     346 calls)
 
     PWSCF        :    23.57s CPU        24.16s WALL

 
   This run was terminated on:   7:44: 5  30Aug2010            

=------------------------------------------------------------------------------=
   JOB DONE.
=------------------------------------------------------------------------------=
