
     Program PWSCF     v.4.0cvs starts ...
     Today is  4Apr2008 at 10:54:31 

     Parallel version (MPI)

     Number of processors in use:       1

     Ultrasoft (Vanderbilt) Pseudopotentials and PAW

     Current dimensions of program pwscf are:
     Max number of different atomic species (ntypx) = 10
     Max number of k-points (npk) =  40000
     Max angular momentum in pseudopotentials (lmaxx) =  3

     gamma-point specific algorithms are used


     Iterative solution of the eigenvalue problem
     Too few procs for parallel algorithm
       we need at least 4 procs per pool

     a serial algorithm will be used


     Planes per process (thick) : nr3 = 64 npp =  64 ncplane = 4096
 
     Proc/  planes cols     G    planes cols    G      columns  G
     Pool       (dense grid)       (smooth grid)      (wavefct grid)
       1     64   2587    86907   64   2587    86907    649    10849
 


     bravais-lattice index     =            2
     lattice parameter (a_0)   =      25.0000  a.u.
     unit-cell volume          =    3906.2500 (a.u.)^3
     number of atoms/cell      =            1
     number of atomic types    =            1
     number of electrons       =         6.00
     number of Kohn-Sham states=            6
     kinetic-energy cutoff     =      30.0000  Ry
     charge density cutoff     =     120.0000  Ry
     convergence threshold     =      1.0E-06
     mixing beta               =       0.7000
     number of iterations used =            8  plain     mixing
     Exchange-correlation      =  SLA  PW   PBX  PBC (1434)

     celldm(1)=  25.000000  celldm(2)=   0.000000  celldm(3)=   0.000000
     celldm(4)=   0.000000  celldm(5)=   0.000000  celldm(6)=   0.000000

     crystal axes: (cart. coord. in units of a_0)
               a(1) = ( -0.500000  0.000000  0.500000 )  
               a(2) = (  0.000000  0.500000  0.500000 )  
               a(3) = ( -0.500000  0.500000  0.000000 )  

     reciprocal axes: (cart. coord. in units 2 pi/a_0)
               b(1) = ( -1.000000 -1.000000  1.000000 )  
               b(2) = (  1.000000  1.000000  1.000000 )  
               b(3) = ( -1.000000  1.000000 -1.000000 )  


     PseudoPot. # 1 for  O read from file O.pbe-paw_kj.UPF
     Pseudo is Projector augmented-wave + core cor, Zval =  6.0
     Generated using "atomic" code by A. Dal Corso (espresso distribution)
     Setup to integrate on  28 directions: integral exact up to l =  6
     Shape of augmentation charge: BESSEL
     Using radial grid of 1095 points,  4 beta functions with: 
                l(1) =   0
                l(2) =   0
                l(3) =   1
                l(4) =   1
     Q(r) pseudized with 0 coefficients 


     atomic species   valence    mass     pseudopotential
        O              6.00     1.00000      O( 1.00)

     No symmetry!

   Cartesian axes

     site n.     atom                  positions (a_0 units)
         1           O   tau(  1) = (   0.0000000   0.0000000   0.0000000  )

     number of k points=    1
                       cart. coord. in units 2pi/a_0
        k(    1) = (   0.0000000   0.0000000   0.0000000), wk =   2.0000000

     G cutoff = 1899.7722  (  43454 G-vectors)     FFT grid: ( 64, 64, 64)

     Occupations read from input 

        2.0000   1.3333   1.3333   1.3333   0.0000   0.0000

     Largest allocated arrays     est. size (Mb)     dimensions
        Kohn-Sham Wavefunctions         0.50 Mb     (   5425,   6)
        NL pseudopotentials             0.66 Mb     (   5425,   8)
        Each V/rho on FFT grid          4.00 Mb     ( 262144)
        Each G-vector array             0.33 Mb     (  43454)
        G-vector shells                 0.00 Mb     (    636)
     Largest temporary arrays     est. size (Mb)     dimensions
        Auxiliary wavefunctions         0.99 Mb     (   5425,  24)
        Each subspace H/S matrix        0.00 Mb     (     24,  24)
        Each <psi_i|beta_j> matrix      0.00 Mb     (      8,   6)
        Arrays for rho mixing          32.00 Mb     ( 262144,   8)

     Initial potential from superposition of free atoms
     Check: negative starting charge=   -0.016951

     starting charge    6.00000, renormalised to    6.00000

     negative rho (up, down):  0.170E-01 0.000E+00
     Starting wfc are    4 atomic +    2 random wfc
     Checking if some PAW data can be deallocated... 

     total cpu time spent up to now is      6.19 secs

     per-process dynamical memory:    31.7 Mb

     Self-consistent Calculation

     iteration #  1     ecut=    30.00 Ry     beta=0.70
     Davidson diagonalization with overlap
     ethr =  1.00E-02,  avg # of iterations =  5.0

     Threshold (ethr) on eigenvalues was too large:
     Diagonalizing with lowered threshold

     Davidson diagonalization with overlap
     WARNING:     1 eigenvalues not converged
     c_bands:  1 eigenvalues not converged
     ethr =  8.96E-08,  avg # of iterations = 20.0

     negative rho (up, down):  0.171E-01 0.000E+00

     total cpu time spent up to now is     11.64 secs

     total energy              =   -41.12732276 Ry
     Harris-Foulkes estimate   =   -41.12731022 Ry
     estimated scf accuracy    <     0.00000559 Ry

     iteration #  2     ecut=    30.00 Ry     beta=0.70
     Davidson diagonalization with overlap
     ethr =  9.32E-08,  avg # of iterations =  2.0

     negative rho (up, down):  0.172E-01 0.000E+00

     total cpu time spent up to now is     14.41 secs

     End of self-consistent calculation

          k = 0.0000 0.0000 0.0000 (  5425 PWs)   bands (ev):

   -23.7563  -8.8688  -8.8688  -8.8688  -0.8998   1.6241

     highest occupied, lowest unoccupied level (ev):    -8.8688   -0.8998

!    total energy              =   -41.12732461 Ry
     Harris-Foulkes estimate   =   -41.12732356 Ry
     estimated scf accuracy    <     0.00000063 Ry

     total all-electron energy =   -1498.880705 Ry

     The total energy is the sum of the following terms:

     one-electron contribution =   -38.80747290 Ry
     hartree contribution      =    20.93409297 Ry
     xc contribution           =    -6.59896693 Ry
     ewald contribution        =    -6.60220143 Ry
     one-center paw contrib.   =   -10.05277632 Ry

     convergence has been achieved in   2 iterations

     Writing output data file pwscf.save
 
     PWSCF        :    14.59s CPU time,   15.20s wall time

     init_run     :     5.62s CPU
     electrons    :     8.22s CPU

     Called by init_run:
     wfcinit      :     0.22s CPU
     potinit      :     1.49s CPU

     Called by electrons:
     c_bands      :     3.23s CPU (       3 calls,   1.076 s avg)
     sum_band     :     1.69s CPU (       3 calls,   0.563 s avg)
     v_of_rho     :     2.70s CPU (       3 calls,   0.901 s avg)
     newd         :     0.94s CPU (       3 calls,   0.312 s avg)
     mix_rho      :     0.14s CPU (       3 calls,   0.045 s avg)

     Called by c_bands:
     init_us_2    :     0.06s CPU (       7 calls,   0.009 s avg)
     regterg      :     3.14s CPU (       3 calls,   1.047 s avg)

     Called by *egterg:
     h_psi        :     3.16s CPU (      31 calls,   0.102 s avg)
     s_psi        :     0.02s CPU (      31 calls,   0.001 s avg)
     g_psi        :     0.03s CPU (      27 calls,   0.001 s avg)
     rdiaghg      :     0.01s CPU (      29 calls,   0.000 s avg)

     Called by h_psi:
     add_vuspsi   :     0.02s CPU (      31 calls,   0.001 s avg)

     General routines
     calbec       :     0.02s CPU (      34 calls,   0.001 s avg)
     cft3s        :     4.98s CPU (     139 calls,   0.036 s avg)
     davcio       :     0.00s CPU (       2 calls,   0.000 s avg)
 
     Parallel routines
 
     PAW routines
     PAW_pot      :     0.94s CPU (       3 calls,   0.313 s avg)
     PAW_ddot     :     0.04s CPU (       3 calls,   0.015 s avg)
