
     Program PW2WANNIER v.7.5 starts on 16Sep2025 at 20:53:19 
        Git branch: develop
        Last git commit: 7e86c4d7f8b367fcfbff0156d653f13ca55b1b03-dirty
        Last git commit date: Tue Sep 16 17:33:36 2025 +0000
        Last git commit subject: Merge branch 'vhpsi' into 'develop'

     This program is part of the open-source Quantum ESPRESSO suite
     for quantum simulation of materials; please cite
         "P. Giannozzi et al., J. Phys.:Condens. Matter 21 395502 (2009);
         "P. Giannozzi et al., J. Phys.:Condens. Matter 29 465901 (2017);
         "P. Giannozzi et al., J. Chem. Phys. 152 154105 (2020);
          URL http://www.quantum-espresso.org", 
     in publications or presentations arising from this work. More details at
     http://www.quantum-espresso.org/quote

     Parallel version (MPI), running on     4 processors

     MPI processes distributed on     1 nodes
     R & G space division:  proc/nbgrp/npool/nimage =       4
     4839 MiB available memory on the printing compute node when the environment starts


     Reading nscf_save data

     Reading xml data from directory:

     /home/nicola/CODES/q-e-kcw/tempdir/cri3.save/

     IMPORTANT: XC functional enforced from input :
     Exchange-correlation= PW
                           (   1   4   0   0   0   0   0)
     Any further DFT definition will be discarded
     Please, verify this is what you really want


     Parallelization info
     --------------------
     sticks:   dense  smooth     PW     G-vecs:    dense   smooth      PW
     Min         539     539    147                15534    15534    2263
     Max         540     540    148                15535    15535    2267
     Sum        2159    2159    591                62139    62139    9063

     Using Slab Decomposition


     Check: negative core charge=   -0.000182
     Reading collected, re-writing distributed wavefunctions

      Spin CASE ( down )

  Wannier mode is: standalone     

  -----------------
  *** Reading nnkp 
  -----------------

  Checking info from wannier.nnkp file

  - Real lattice is ok
  - Reciprocal lattice is ok
  - K-points are ok
  - Number of wannier functions is ok ( 18)
  - All guiding functions are given 

  Projections:
   -0.157064    0.759421    0.654210  1  1  1    1.000000
   -0.157064    0.759421    0.654210  1  2  1    1.000000
   -0.157064    0.759421    0.654210  1  3  1    1.000000
    0.290373    0.528522    0.654210  1  1  1    1.000000
    0.290373    0.528522    0.654210  1  2  1    1.000000
    0.290373    0.528522    0.654210  1  3  1    1.000000
   -0.133310    0.256480    0.654210  1  1  1    1.000000
   -0.133310    0.256480    0.654210  1  2  1    1.000000
   -0.133310    0.256480    0.654210  1  3  1    1.000000
    0.157064    0.270194    0.203096  1  1  1    1.000000
    0.157064    0.270194    0.203096  1  2  1    1.000000
    0.157064    0.270194    0.203096  1  3  1    1.000000
    0.601299    0.501093    0.203096  1  1  1    1.000000
    0.601299    0.501093    0.203096  1  2  1    1.000000
    0.601299    0.501093    0.203096  1  3  1    1.000000
    0.579146    0.000924    0.203096  1  1  1    1.000000
    0.579146    0.000924    0.203096  1  2  1    1.000000
    0.579146    0.000924    0.203096  1  3  1    1.000000

  Reading data about k-point neighbours 

  All neighbours are found 

  Opening pp-files 


  --------------------------
  *** Compute  A projections
  --------------------------

  Number of local k points =       16
       1       2       3       4       5       6       7       8       9      10
      11      12      13      14      15      16
  AMN calculated

  ---------------
  *** Compute  M 
  ---------------

  Number of local k points =       16
       1       2       3       4       5       6       7       8       9      10
      11      12      13      14      15      16
  MMN calculated

  -----------------------------------
  *** Orbital terms are not computed 
  -----------------------------------

  -----------------------------------
  *** SHC terms are not computed 
  -----------------------------------

  ----------------
  *** Write bands 
  ----------------


  -----------------------------
  *** Plot info is not printed 
  -----------------------------

  -----------------------------
  *** Parity info is not printed 
  -----------------------------

  ------------
  *** Stop pp 
  ------------


     init_pw2wan  :      0.37s CPU      0.41s WALL (       1 calls)
     compute_amn  :      7.33s CPU      7.33s WALL (       1 calls)
     compute_mmn  :      1.05s CPU      1.20s WALL (       1 calls)

     Internal routines:
     compute_u_kb :      0.94s CPU      1.07s WALL (      64 calls)

     PW2WANNIER   :      8.75s CPU      8.94s WALL


   This run was terminated on:  20:53:28  16Sep2025            

=------------------------------------------------------------------------------=
   JOB DONE.
=------------------------------------------------------------------------------=

