
     Program PW2WANNIER v.7.5 starts on 16Sep2025 at 20:36:34 
        Git branch: develop
        Last git commit: 7e86c4d7f8b367fcfbff0156d653f13ca55b1b03-dirty
        Last git commit date: Tue Sep 16 17:33:36 2025 +0000
        Last git commit subject: Merge branch 'vhpsi' into 'develop'

     This program is part of the open-source Quantum ESPRESSO suite
     for quantum simulation of materials; please cite
         "P. Giannozzi et al., J. Phys.:Condens. Matter 21 395502 (2009);
         "P. Giannozzi et al., J. Phys.:Condens. Matter 29 465901 (2017);
         "P. Giannozzi et al., J. Chem. Phys. 152 154105 (2020);
          URL http://www.quantum-espresso.org", 
     in publications or presentations arising from this work. More details at
     http://www.quantum-espresso.org/quote

     Parallel version (MPI), running on     4 processors

     MPI processes distributed on     1 nodes
     R & G space division:  proc/nbgrp/npool/nimage =       4
     4931 MiB available memory on the printing compute node when the environment starts


     Reading nscf_save data

     Reading xml data from directory:

     /home/nicola/CODES/q-e-kcw/tempdir/GaAs.save/

     IMPORTANT: XC functional enforced from input :
     Exchange-correlation= PW
                           (   1   4   0   0   0   0   0)
     Any further DFT definition will be discarded
     Please, verify this is what you really want


     Parallelization info
     --------------------
     sticks:   dense  smooth     PW     G-vecs:    dense   smooth      PW
     Min         238     238     67                 4798     4798     743
     Max         239     239     69                 4799     4799     744
     Sum         955     955    271                19195    19195    2975

     Using Slab Decomposition

     Reading collected, re-writing distributed wavefunctions

      Spin CASE ( default = unpolarized )

  Wannier mode is: standalone     

  -----------------
  *** Reading nnkp 
  -----------------

  Checking info from wannier.nnkp file

  - Real lattice is ok
  - Reciprocal lattice is ok
  - K-points are ok
  - Number of wannier functions is ok (  5)
  - All guiding functions are given 

  Projections:
    0.000000    0.000000    0.000000  2  1  1    1.000000
    0.000000    0.000000    0.000000  2  2  1    1.000000
    0.000000    0.000000    0.000000  2  3  1    1.000000
    0.000000    0.000000    0.000000  2  4  1    1.000000
    0.000000    0.000000    0.000000  2  5  1    1.000000

  Reading data about k-point neighbours 

  All neighbours are found 

  Opening pp-files 


  --------------------------
  *** Compute  A projections
  --------------------------

  Number of local k points =        8
       1       2       3       4       5       6       7       8
  AMN calculated

  ---------------
  *** Compute  M 
  ---------------

  Number of local k points =        8
       1       2       3       4       5       6       7       8
  MMN calculated

  -----------------------------------
  *** Orbital terms are not computed 
  -----------------------------------

  -----------------------------------
  *** SHC terms are not computed 
  -----------------------------------

  ----------------
  *** Write bands 
  ----------------


  -----------------------------
  *** Plot info is not printed 
  -----------------------------

  -----------------------------
  *** Parity info is not printed 
  -----------------------------

  ------------
  *** Stop pp 
  ------------


     init_pw2wan  :      0.25s CPU      0.26s WALL (       1 calls)
     compute_amn  :      0.53s CPU      0.53s WALL (       1 calls)
     compute_mmn  :      0.08s CPU      0.10s WALL (       1 calls)

     Internal routines:
     compute_u_kb :      0.08s CPU      0.09s WALL (      64 calls)

     PW2WANNIER   :      0.86s CPU      0.88s WALL


   This run was terminated on:  20:36:35  16Sep2025            

=------------------------------------------------------------------------------=
   JOB DONE.
=------------------------------------------------------------------------------=

